Archive member included to satisfy reference by file (symbol)

/home/developer/segger-workspace/Distance_measurement/lib/libdwm.a(ble-server.o)
                              /home/developer/segger-workspace/Distance_measurement/lib/dwm.o (ble_add_shell_cmds)
/home/developer/segger-workspace/Distance_measurement/lib/libdwm.a(ble_srv_common.o)
                              /home/developer/segger-workspace/Distance_measurement/lib/libdwm.a(ble-server.o) (ble_srv_is_notification_enabled)
/home/developer/segger-workspace/Distance_measurement/lib/libdwm.a(dw1000.o)
                              /home/developer/segger-workspace/Distance_measurement/lib/libdwm.a(ble-server.o) (dw_rand)
/home/developer/segger-workspace/Distance_measurement/lib/libdwm.a(dwm-math.o)
                              /home/developer/segger-workspace/Distance_measurement/lib/libdwm.a(dw1000.o) (flog10)
/home/developer/segger-workspace/Distance_measurement/lib/libdwm.a(dwm.o)
                              /home/developer/segger-workspace/Distance_measurement/output/compiler/main.o (dwm_thread_create)
/home/developer/segger-workspace/Distance_measurement/lib/libdwm.a(env-tlv.o)
                              /home/developer/segger-workspace/Distance_measurement/lib/dwm.o (env_load)
/home/developer/segger-workspace/Distance_measurement/lib/libdwm.a(fwup.o)
                              /home/developer/segger-workspace/Distance_measurement/lib/libdwm.a(ble-server.o) (fwup_rcvr_in_progress)
/home/developer/segger-workspace/Distance_measurement/lib/libdwm.a(hal.o)
                              /home/developer/segger-workspace/Distance_measurement/lib/libdwm.a(dwm.o) (hal_factory_reset)
/home/developer/segger-workspace/Distance_measurement/lib/libdwm.a(nrf_drv_rng.o)
                              /home/developer/segger-workspace/Distance_measurement/lib/libdwm.a(hal.o) (nrf_drv_rng_init)
/home/developer/segger-workspace/Distance_measurement/lib/libdwm.a(pm.o)
                              /home/developer/segger-workspace/Distance_measurement/lib/libdwm.a(ble-server.o) (pm_sched_signal)
/home/developer/segger-workspace/Distance_measurement/lib/libdwm.a(process-api.o)
                              /home/developer/segger-workspace/Distance_measurement/lib/dwm.o (api_thread_start)
/home/developer/segger-workspace/Distance_measurement/lib/libdwm.a(process-ble.o)
                              /home/developer/segger-workspace/Distance_measurement/lib/libdwm.a(ble-server.o) (ble_server_evt_put)
/home/developer/segger-workspace/Distance_measurement/lib/libdwm.a(process-le.o)
                              /home/developer/segger-workspace/Distance_measurement/lib/dwm.o (le_init)
/home/developer/segger-workspace/Distance_measurement/lib/libdwm.a(process-pm.o)
                              /home/developer/segger-workspace/Distance_measurement/lib/dwm.o (hal_pm_init)
/home/developer/segger-workspace/Distance_measurement/lib/libdwm.a(process-svc.o)
                              /home/developer/segger-workspace/Distance_measurement/lib/dwm.o (svc_init)
/home/developer/segger-workspace/Distance_measurement/lib/libdwm.a(process-uwbmac.o)
                              /home/developer/segger-workspace/Distance_measurement/lib/dwm.o (uwbmac_init)
/home/developer/segger-workspace/Distance_measurement/lib/libdwm.a(process-uwb.o)
                              /home/developer/segger-workspace/Distance_measurement/lib/dwm.o (uwb_init)
/home/developer/segger-workspace/Distance_measurement/lib/libdwm.a(serial.o)
                              /home/developer/segger-workspace/Distance_measurement/lib/dwm.o (serial_start)
/home/developer/segger-workspace/Distance_measurement/lib/libdwm.a(shell-api.o)
                              /home/developer/segger-workspace/Distance_measurement/lib/dwm.o (api_commands)
/home/developer/segger-workspace/Distance_measurement/lib/libdwm.a(shell-ble.o)
                              /home/developer/segger-workspace/Distance_measurement/lib/libdwm.a(ble-server.o) (ble_commands)
/home/developer/segger-workspace/Distance_measurement/lib/libdwm.a(shell-crypto.o)
                              /home/developer/segger-workspace/Distance_measurement/lib/dwm.o (crypto_commands)
/home/developer/segger-workspace/Distance_measurement/lib/libdwm.a(shell-le.o)
                              /home/developer/segger-workspace/Distance_measurement/lib/dwm.o (le_commands)
/home/developer/segger-workspace/Distance_measurement/lib/libdwm.a(shell.o)
                              /home/developer/segger-workspace/Distance_measurement/lib/dwm.o (dwm_shell_init)
/home/developer/segger-workspace/Distance_measurement/lib/libdwm.a(shell-sens.o)
                              /home/developer/segger-workspace/Distance_measurement/lib/dwm.o (sens_commands)
/home/developer/segger-workspace/Distance_measurement/lib/libdwm.a(shell-sys.o)
                              /home/developer/segger-workspace/Distance_measurement/lib/libdwm.a(shell.o) (sys_commands)
[...]
Memory Configuration

Name             Origin             Length             Attributes
sram             0x200035e0         0x0000ba20
flash            0x00044000         0x0003c000
*default*        0x00000000         0xffffffff

Linker script and memory map

LOAD /home/developer/segger-workspace/Distance_measurement/lib/vectors.o
LOAD /home/developer/segger-workspace/Distance_measurement/output/compiler/main.o
LOAD /home/developer/segger-workspace/Distance_measurement/output/compiler/node.o
LOAD /home/developer/segger-workspace/Distance_measurement/lib/dwm.o
LOAD /home/developer/segger-workspace/Distance_measurement/lib/libdwm.a
LOAD /home/developer/gcc-arm-none-eabi-5_4-2016/gcc-arm-none-eabi-5_4-2016q3/bin/../lib/gcc/arm-none-eabi/5.4.1/../../../../arm-none-eabi/lib/armv7e-m/fpu/libm.a
LOAD /home/developer/gcc-arm-none-eabi-5_4-2016/gcc-arm-none-eabi-5_4-2016q3/bin/../lib/gcc/arm-none-eabi/5.4.1/armv7e-m/fpu/libgcc.a
LOAD /home/developer/gcc-arm-none-eabi-5_4-2016/gcc-arm-none-eabi-5_4-2016q3/bin/../lib/gcc/arm-none-eabi/5.4.1/../../../../arm-none-eabi/lib/armv7e-m/fpu/libc.a
LOAD /home/developer/gcc-arm-none-eabi-5_4-2016/gcc-arm-none-eabi-5_4-2016q3/bin/../lib/gcc/arm-none-eabi/5.4.1/../../../../arm-none-eabi/lib/armv7e-m/fpu/libnosys.a
LOAD /home/developer/segger-workspace/Distance_measurement/lib/extras.o
START GROUP
LOAD /home/developer/segger-workspace/Distance_measurement/lib/libtarget.a
LOAD /home/developer/gcc-arm-none-eabi-5_4-2016/gcc-arm-none-eabi-5_4-2016q3/bin/../lib/gcc/arm-none-eabi/5.4.1/armv7e-m/fpu/libgcc.a
LOAD /home/developer/gcc-arm-none-eabi-5_4-2016/gcc-arm-none-eabi-5_4-2016q3/bin/../lib/gcc/arm-none-eabi/5.4.1/../../../../arm-none-eabi/lib/armv7e-m/fpu/libsupc++.a
END GROUP

.debug_aranges  0x00000000       0x88
 *(.debug_aranges)
 .debug_aranges
                0x00000000       0x20 /home/developer/segger-workspace/Distance_measurement/output/compiler/main.o
 .debug_aranges
                0x00000020       0x68 /home/developer/segger-workspace/Distance_measurement/output/compiler/node.o

.debug_pubnames
 *(.debug_pubnames)

.debug_info     0x00000000      0xc42
 *(.debug_info)
 .debug_info    0x00000000      0x231 /home/developer/segger-workspace/Distance_measurement/output/compiler/main.o
 .debug_info    0x00000231      0xa11 /home/developer/segger-workspace/Distance_measurement/output/compiler/node.o

.debug_abbrev   0x00000000      0x2ec
 *(.debug_abbrev)
 .debug_abbrev  0x00000000       0xf7 /home/developer/segger-workspace/Distance_measurement/output/compiler/main.o
 .debug_abbrev  0x000000f7      0x1f5 /home/developer/segger-workspace/Distance_measurement/output/compiler/node.o

.debug_line     0x00000000      0x420
 *(.debug_line)
 .debug_line    0x00000000      0x15e /home/developer/segger-workspace/Distance_measurement/output/compiler/main.o
 .debug_line    0x0000015e      0x2c2 /home/developer/segger-workspace/Distance_measurement/output/compiler/node.o

.debug_frame    0x00000000     0x15e4
 *(.debug_frame)
 .debug_frame   0x00000000       0x38 /home/developer/segger-workspace/Distance_measurement/output/compiler/main.o
 .debug_frame   0x00000038      0x190 /home/developer/segger-workspace/Distance_measurement/output/compiler/node.o
 .debug_frame   0x000001c8       0x30 /home/developer/gcc-arm-none-eabi-5_4-2016/gcc-arm-none-eabi-5_4-2016q3/bin/../lib/gcc/arm-none-eabi/5.4.1/../../../../arm-none-eabi/lib/armv7e-m/fpu/libm.a(lib_a-s_ceil.o)
 .debug_frame   0x000001f8       0x30 /home/developer/gcc-arm-none-eabi-5_4-2016/gcc-arm-none-eabi-5_4-2016q3/bin/../lib/gcc/arm-none-eabi/5.4.1/../../../../arm-none-eabi/lib/armv7e-m/fpu/libm.a(lib_a-s_floor.o)
 .debug_frame   0x00000228       0x58 /home/developer/gcc-arm-none-eabi-5_4-2016/gcc-arm-none-eabi-5_4-2016q3/bin/../lib/gcc/arm-none-eabi/5.4.1/../../../../arm-none-eabi/lib/armv7e-m/fpu/libm.a(lib_a-w_sqrt.o)
 .debug_frame   0x00000280       0x30 /home/developer/gcc-arm-none-eabi-5_4-2016/gcc-arm-none-eabi-5_4-2016q3/bin/../lib/gcc/arm-none-eabi/5.4.1/../../../../arm-none-eabi/lib/armv7e-m/fpu/libm.a(lib_a-e_sqrt.o)
 .debug_frame   0x000002b0       0x20 /home/developer/gcc-arm-none-eabi-5_4-2016/gcc-arm-none-eabi-5_4-2016q3/bin/../lib/gcc/arm-none-eabi/5.4.1/../../../../arm-none-eabi/lib/armv7e-m/fpu/libm.a(lib_a-s_matherr.o)
 .debug_frame   0x000002d0       0x44 /home/developer/gcc-arm-none-eabi-5_4-2016/gcc-arm-none-eabi-5_4-2016q3/bin/../lib/gcc/arm-none-eabi/5.4.1/armv7e-m/fpu/libgcc.a(_aeabi_ldivmod.o)
 .debug_frame   0x00000314       0x2c /home/developer/gcc-arm-none-eabi-5_4-2016/gcc-arm-none-eabi-5_4-2016q3/bin/../lib/gcc/arm-none-eabi/5.4.1/armv7e-m/fpu/libgcc.a(_aeabi_uldivmod.o)
 .debug_frame   0x00000340       0x2c /home/developer/gcc-arm-none-eabi-5_4-2016/gcc-arm-none-eabi-5_4-2016q3/bin/../lib/gcc/arm-none-eabi/5.4.1/armv7e-m/fpu/libgcc.a(_fixunssfdi.o)
 .debug_frame   0x0000036c       0x2c /home/developer/gcc-arm-none-eabi-5_4-2016/gcc-arm-none-eabi-5_4-2016q3/bin/../lib/gcc/arm-none-eabi/5.4.1/armv7e-m/fpu/libgcc.a(_fixunsdfdi.o)
 .debug_frame   0x00000398       0x34 /home/developer/gcc-arm-none-eabi-5_4-2016/gcc-arm-none-eabi-5_4-2016q3/bin/../lib/gcc/arm-none-eabi/5.4.1/armv7e-m/fpu/libgcc.a(_udivmoddi4.o)
 .debug_frame   0x000003cc       0x20 /home/developer/gcc-arm-none-eabi-5_4-2016/gcc-arm-none-eabi-5_4-2016q3/bin/../lib/gcc/arm-none-eabi/5.4.1/../../../../arm-none-eabi/lib/armv7e-m/fpu/libc.a(lib_a-calloc.o)
 .debug_frame   0x000003ec       0x28 /home/developer/gcc-arm-none-eabi-5_4-2016/gcc-arm-none-eabi-5_4-2016q3/bin/../lib/gcc/arm-none-eabi/5.4.1/../../../../arm-none-eabi/lib/armv7e-m/fpu/libc.a(lib_a-callocr.o)
 .debug_frame   0x00000414       0x20 /home/developer/gcc-arm-none-eabi-5_4-2016/gcc-arm-none-eabi-5_4-2016q3/bin/../lib/gcc/arm-none-eabi/5.4.1/../../../../arm-none-eabi/lib/armv7e-m/fpu/libc.a(lib_a-errno.o)
 .debug_frame   0x00000434       0x6c /home/developer/gcc-arm-none-eabi-5_4-2016/gcc-arm-none-eabi-5_4-2016q3/bin/../lib/gcc/arm-none-eabi/5.4.1/../../../../arm-none-eabi/lib/armv7e-m/fpu/libc.a(lib_a-fflush.o)
 .debug_frame   0x000004a0      0x124 /home/developer/gcc-arm-none-eabi-5_4-2016/gcc-arm-none-eabi-5_4-2016q3/bin/../lib/gcc/arm-none-eabi/5.4.1/../../../../arm-none-eabi/lib/armv7e-m/fpu/libc.a(lib_a-findfp.o)
 .debug_frame   0x000005c4       0x74 /home/developer/gcc-arm-none-eabi-5_4-2016/gcc-arm-none-eabi-5_4-2016q3/bin/../lib/gcc/arm-none-eabi/5.4.1/../../../../arm-none-eabi/lib/armv7e-m/fpu/libc.a(lib_a-freer.o)
 .debug_frame   0x00000638       0x54 /home/developer/gcc-arm-none-eabi-5_4-2016/gcc-arm-none-eabi-5_4-2016q3/bin/../lib/gcc/arm-none-eabi/5.4.1/../../../../arm-none-eabi/lib/armv7e-m/fpu/libc.a(lib_a-fwalk.o)
 .debug_frame   0x0000068c       0x30 /home/developer/gcc-arm-none-eabi-5_4-2016/gcc-arm-none-eabi-5_4-2016q3/bin/../lib/gcc/arm-none-eabi/5.4.1/../../../../arm-none-eabi/lib/armv7e-m/fpu/libc.a(lib_a-malloc.o)
 .debug_frame   0x000006bc       0x58 /home/developer/gcc-arm-none-eabi-5_4-2016/gcc-arm-none-eabi-5_4-2016q3/bin/../lib/gcc/arm-none-eabi/5.4.1/../../../../arm-none-eabi/lib/armv7e-m/fpu/libc.a(lib_a-mallocr.o)
 .debug_frame   0x00000714       0x38 /home/developer/gcc-arm-none-eabi-5_4-2016/gcc-arm-none-eabi-5_4-2016q3/bin/../lib/gcc/arm-none-eabi/5.4.1/../../../../arm-none-eabi/lib/armv7e-m/fpu/libc.a(lib_a-memcmp.o)
 .debug_frame   0x0000074c       0x34 /home/developer/gcc-arm-none-eabi-5_4-2016/gcc-arm-none-eabi-5_4-2016q3/bin/../lib/gcc/arm-none-eabi/5.4.1/../../../../arm-none-eabi/lib/armv7e-m/fpu/libc.a(lib_a-memset.o)
 .debug_frame   0x00000780       0x30 /home/developer/gcc-arm-none-eabi-5_4-2016/gcc-arm-none-eabi-5_4-2016q3/bin/../lib/gcc/arm-none-eabi/5.4.1/../../../../arm-none-eabi/lib/armv7e-m/fpu/libc.a(lib_a-mlock.o)
 .debug_frame   0x000007b0       0x74 /home/developer/gcc-arm-none-eabi-5_4-2016/gcc-arm-none-eabi-5_4-2016q3/bin/../lib/gcc/arm-none-eabi/5.4.1/../../../../arm-none-eabi/lib/armv7e-m/fpu/libc.a(lib_a-printf.o)
 .debug_frame   0x00000824       0x30 /home/developer/gcc-arm-none-eabi-5_4-2016/gcc-arm-none-eabi-5_4-2016q3/bin/../lib/gcc/arm-none-eabi/5.4.1/../../../../arm-none-eabi/lib/armv7e-m/fpu/libc.a(lib_a-putchar.o)
 .debug_frame   0x00000854       0x48 /home/developer/gcc-arm-none-eabi-5_4-2016/gcc-arm-none-eabi-5_4-2016q3/bin/../lib/gcc/arm-none-eabi/5.4.1/../../../../arm-none-eabi/lib/armv7e-m/fpu/libc.a(lib_a-puts.o)
 .debug_frame   0x0000089c       0x2c /home/developer/gcc-arm-none-eabi-5_4-2016/gcc-arm-none-eabi-5_4-2016q3/bin/../lib/gcc/arm-none-eabi/5.4.1/../../../../arm-none-eabi/lib/armv7e-m/fpu/libc.a(lib_a-sbrkr.o)
 .debug_frame   0x000008c8       0xd0 /home/developer/gcc-arm-none-eabi-5_4-2016/gcc-arm-none-eabi-5_4-2016q3/bin/../lib/gcc/arm-none-eabi/5.4.1/../../../../arm-none-eabi/lib/armv7e-m/fpu/libc.a(lib_a-snprintf.o)
 .debug_frame   0x00000998       0x88 /home/developer/gcc-arm-none-eabi-5_4-2016/gcc-arm-none-eabi-5_4-2016q3/bin/../lib/gcc/arm-none-eabi/5.4.1/../../../../arm-none-eabi/lib/armv7e-m/fpu/libc.a(lib_a-stdio.o)
 .debug_frame   0x00000a20       0x30 /home/developer/gcc-arm-none-eabi-5_4-2016/gcc-arm-none-eabi-5_4-2016q3/bin/../lib/gcc/arm-none-eabi/5.4.1/../../../../arm-none-eabi/lib/armv7e-m/fpu/libc.a(lib_a-strnlen.o)
 .debug_frame   0x00000a50       0x44 /home/developer/gcc-arm-none-eabi-5_4-2016/gcc-arm-none-eabi-5_4-2016q3/bin/../lib/gcc/arm-none-eabi/5.4.1/../../../../arm-none-eabi/lib/armv7e-m/fpu/libc.a(lib_a-svfprintf.o)
 .debug_frame   0x00000a94       0x88 /home/developer/gcc-arm-none-eabi-5_4-2016/gcc-arm-none-eabi-5_4-2016q3/bin/../lib/gcc/arm-none-eabi/5.4.1/../../../../arm-none-eabi/lib/armv7e-m/fpu/libc.a(lib_a-vfprintf.o)
 .debug_frame   0x00000b1c       0x2c /home/developer/gcc-arm-none-eabi-5_4-2016/gcc-arm-none-eabi-5_4-2016q3/bin/../lib/gcc/arm-none-eabi/5.4.1/../../../../arm-none-eabi/lib/armv7e-m/fpu/libc.a(lib_a-writer.o)
 .debug_frame   0x00000b48       0x2c /home/developer/gcc-arm-none-eabi-5_4-2016/gcc-arm-none-eabi-5_4-2016q3/bin/../lib/gcc/arm-none-eabi/5.4.1/../../../../arm-none-eabi/lib/armv7e-m/fpu/libc.a(lib_a-wsetup.o)
 .debug_frame   0x00000b74       0x2c /home/developer/gcc-arm-none-eabi-5_4-2016/gcc-arm-none-eabi-5_4-2016q3/bin/../lib/gcc/arm-none-eabi/5.4.1/../../../../arm-none-eabi/lib/armv7e-m/fpu/libc.a(lib_a-closer.o)
 .debug_frame   0x00000ba0       0x88 /home/developer/gcc-arm-none-eabi-5_4-2016/gcc-arm-none-eabi-5_4-2016q3/bin/../lib/gcc/arm-none-eabi/5.4.1/../../../../arm-none-eabi/lib/armv7e-m/fpu/libc.a(lib_a-dtoa.o)
 .debug_frame   0x00000c28       0x44 /home/developer/gcc-arm-none-eabi-5_4-2016/gcc-arm-none-eabi-5_4-2016q3/bin/../lib/gcc/arm-none-eabi/5.4.1/../../../../arm-none-eabi/lib/armv7e-m/fpu/libc.a(lib_a-fclose.o)
 .debug_frame   0x00000c6c       0x68 /home/developer/gcc-arm-none-eabi-5_4-2016/gcc-arm-none-eabi-5_4-2016q3/bin/../lib/gcc/arm-none-eabi/5.4.1/../../../../arm-none-eabi/lib/armv7e-m/fpu/libc.a(lib_a-fvwrite.o)
 .debug_frame   0x00000cd4       0x84 /home/developer/gcc-arm-none-eabi-5_4-2016/gcc-arm-none-eabi-5_4-2016q3/bin/../lib/gcc/arm-none-eabi/5.4.1/../../../../arm-none-eabi/lib/armv7e-m/fpu/libc.a(lib_a-locale.o)
 .debug_frame   0x00000d58       0x40 /home/developer/gcc-arm-none-eabi-5_4-2016/gcc-arm-none-eabi-5_4-2016q3/bin/../lib/gcc/arm-none-eabi/5.4.1/../../../../arm-none-eabi/lib/armv7e-m/fpu/libc.a(lib_a-localeconv.o)
 .debug_frame   0x00000d98       0x2c /home/developer/gcc-arm-none-eabi-5_4-2016/gcc-arm-none-eabi-5_4-2016q3/bin/../lib/gcc/arm-none-eabi/5.4.1/../../../../arm-none-eabi/lib/armv7e-m/fpu/libc.a(lib_a-lseekr.o)
 .debug_frame   0x00000dc4       0x68 /home/developer/gcc-arm-none-eabi-5_4-2016/gcc-arm-none-eabi-5_4-2016q3/bin/../lib/gcc/arm-none-eabi/5.4.1/../../../../arm-none-eabi/lib/armv7e-m/fpu/libc.a(lib_a-makebuf.o)
 .debug_frame   0x00000e2c       0x4c /home/developer/gcc-arm-none-eabi-5_4-2016/gcc-arm-none-eabi-5_4-2016q3/bin/../lib/gcc/arm-none-eabi/5.4.1/../../../../arm-none-eabi/lib/armv7e-m/fpu/libc.a(lib_a-mbtowc_r.o)
 .debug_frame   0x00000e78       0x30 /home/developer/gcc-arm-none-eabi-5_4-2016/gcc-arm-none-eabi-5_4-2016q3/bin/../lib/gcc/arm-none-eabi/5.4.1/../../../../arm-none-eabi/lib/armv7e-m/fpu/libc.a(lib_a-memmove.o)
 .debug_frame   0x00000ea8      0x264 /home/developer/gcc-arm-none-eabi-5_4-2016/gcc-arm-none-eabi-5_4-2016q3/bin/../lib/gcc/arm-none-eabi/5.4.1/../../../../arm-none-eabi/lib/armv7e-m/fpu/libc.a(lib_a-mprec.o)
 .debug_frame   0x0000110c       0x58 /home/developer/gcc-arm-none-eabi-5_4-2016/gcc-arm-none-eabi-5_4-2016q3/bin/../lib/gcc/arm-none-eabi/5.4.1/../../../../arm-none-eabi/lib/armv7e-m/fpu/libc.a(lib_a-putc.o)
 .debug_frame   0x00001164       0x2c /home/developer/gcc-arm-none-eabi-5_4-2016/gcc-arm-none-eabi-5_4-2016q3/bin/../lib/gcc/arm-none-eabi/5.4.1/../../../../arm-none-eabi/lib/armv7e-m/fpu/libc.a(lib_a-readr.o)
 .debug_frame   0x00001190       0x60 /home/developer/gcc-arm-none-eabi-5_4-2016/gcc-arm-none-eabi-5_4-2016q3/bin/../lib/gcc/arm-none-eabi/5.4.1/../../../../arm-none-eabi/lib/armv7e-m/fpu/libc.a(lib_a-reallocr.o)
 .debug_frame   0x000011f0       0x58 /home/developer/gcc-arm-none-eabi-5_4-2016/gcc-arm-none-eabi-5_4-2016q3/bin/../lib/gcc/arm-none-eabi/5.4.1/../../../../arm-none-eabi/lib/armv7e-m/fpu/libc.a(lib_a-reent.o)
 .debug_frame   0x00001248       0x78 /home/developer/gcc-arm-none-eabi-5_4-2016/gcc-arm-none-eabi-5_4-2016q3/bin/../lib/gcc/arm-none-eabi/5.4.1/../../../../arm-none-eabi/lib/armv7e-m/fpu/libc.a(lib_a-svfiprintf.o)
 .debug_frame   0x000012c0       0xc8 /home/developer/gcc-arm-none-eabi-5_4-2016/gcc-arm-none-eabi-5_4-2016q3/bin/../lib/gcc/arm-none-eabi/5.4.1/../../../../arm-none-eabi/lib/armv7e-m/fpu/libc.a(lib_a-vfiprintf.o)
 .debug_frame   0x00001388       0x40 /home/developer/gcc-arm-none-eabi-5_4-2016/gcc-arm-none-eabi-5_4-2016q3/bin/../lib/gcc/arm-none-eabi/5.4.1/../../../../arm-none-eabi/lib/armv7e-m/fpu/libc.a(lib_a-wbuf.o)
 .debug_frame   0x000013c8       0x3c /home/developer/gcc-arm-none-eabi-5_4-2016/gcc-arm-none-eabi-5_4-2016q3/bin/../lib/gcc/arm-none-eabi/5.4.1/../../../../arm-none-eabi/lib/armv7e-m/fpu/libc.a(lib_a-wctomb_r.o)
 .debug_frame   0x00001404       0x8c /home/developer/gcc-arm-none-eabi-5_4-2016/gcc-arm-none-eabi-5_4-2016q3/bin/../lib/gcc/arm-none-eabi/5.4.1/../../../../arm-none-eabi/lib/armv7e-m/fpu/libc.a(lib_a-fputwc.o)
 .debug_frame   0x00001490       0x2c /home/developer/gcc-arm-none-eabi-5_4-2016/gcc-arm-none-eabi-5_4-2016q3/bin/../lib/gcc/arm-none-eabi/5.4.1/../../../../arm-none-eabi/lib/armv7e-m/fpu/libc.a(lib_a-fstatr.o)
 .debug_frame   0x000014bc       0x2c /home/developer/gcc-arm-none-eabi-5_4-2016/gcc-arm-none-eabi-5_4-2016q3/bin/../lib/gcc/arm-none-eabi/5.4.1/../../../../arm-none-eabi/lib/armv7e-m/fpu/libc.a(lib_a-isattyr.o)
 .debug_frame   0x000014e8       0x5c /home/developer/gcc-arm-none-eabi-5_4-2016/gcc-arm-none-eabi-5_4-2016q3/bin/../lib/gcc/arm-none-eabi/5.4.1/../../../../arm-none-eabi/lib/armv7e-m/fpu/libc.a(lib_a-wcrtomb.o)
 .debug_frame   0x00001544       0x20 /home/developer/gcc-arm-none-eabi-5_4-2016/gcc-arm-none-eabi-5_4-2016q3/bin/../lib/gcc/arm-none-eabi/5.4.1/../../../../arm-none-eabi/lib/armv7e-m/fpu/libnosys.a(close.o)
 .debug_frame   0x00001564       0x20 /home/developer/gcc-arm-none-eabi-5_4-2016/gcc-arm-none-eabi-5_4-2016q3/bin/../lib/gcc/arm-none-eabi/5.4.1/../../../../arm-none-eabi/lib/armv7e-m/fpu/libnosys.a(fstat.o)
 .debug_frame   0x00001584       0x20 /home/developer/gcc-arm-none-eabi-5_4-2016/gcc-arm-none-eabi-5_4-2016q3/bin/../lib/gcc/arm-none-eabi/5.4.1/../../../../arm-none-eabi/lib/armv7e-m/fpu/libnosys.a(isatty.o)
 .debug_frame   0x000015a4       0x20 /home/developer/gcc-arm-none-eabi-5_4-2016/gcc-arm-none-eabi-5_4-2016q3/bin/../lib/gcc/arm-none-eabi/5.4.1/../../../../arm-none-eabi/lib/armv7e-m/fpu/libnosys.a(lseek.o)
 .debug_frame   0x000015c4       0x20 /home/developer/gcc-arm-none-eabi-5_4-2016/gcc-arm-none-eabi-5_4-2016q3/bin/../lib/gcc/arm-none-eabi/5.4.1/../../../../arm-none-eabi/lib/armv7e-m/fpu/libsupc++.a(atexit_arm.o)

.debug_str      0x00000000      0x7b4
 *(.debug_str)
 .debug_str     0x00000000      0x24c /home/developer/segger-workspace/Distance_measurement/output/compiler/main.o
                                0x2ad (size before relaxing)
 .debug_str     0x0000024c      0x568 /home/developer/segger-workspace/Distance_measurement/output/compiler/node.o
                                0x7f8 (size before relaxing)

.debug_loc
 *(.debug_loc)

.debug_macinfo
 *(.debug_macinfo)

.note.arm.ident
 *(.note.arm.ident)

/DISCARD/
 *(.fini_array*)

.rom_vectors    0x00044000        0x8
                0x00044000                __rom_vectors_vma = ABSOLUTE (.)
                0x00044000                . = .
 *(.vectors)
 .vectors       0x00044000        0x8 /home/developer/segger-workspace/Distance_measurement/lib/vectors.o
                0x00044000                __rom_vectors_lma = LOADADDR (.rom_vectors)

.rel.text
 *(.rel.text)
 *(.rel.text.*)
 *(.rel.gnu.linkonce.t*)

.rela.text
 *(.rela.text)
 *(.rela.text.*)
 *(.rela.gnu.linkonce.t*)

.rel.data
 *(.rel.data)
 *(.rel.data.*)
 *(.rel.gnu.linkonce.d*)

.rela.data
 *(.rela.data)
 *(.rela.data.*)
 *(.rela.gnu.linkonce.d*)

.rel.rodata
 *(.rel.rodata)
 *(.rel.rodata.*)
 *(.rel.gnu.linkonce.r*)

.rela.rodata
 *(.rela.rodata)
 *(.rela.rodata.*)
 *(.rela.gnu.linkonce.r*)

.rel.got
 *(.rel.got)

.rela.got
 *(.rela.got)

.rel.ctors
 *(.rel.ctors)

.rela.ctors
 *(.rela.ctors)

.rel.dtors
 *(.rel.dtors)

.rela.dtors
 *(.rela.dtors)

.rel.init
 *(.rel.init)

.rela.init
 *(.rela.init)

.rel.fini
 *(.rel.fini)

.rela.fini
 *(.rela.fini)

.rel.bss
 *(.rel.bss)

.rela.bss
 *(.rela.bss)

.rel.plt
 *(.rel.plt)

.rela.plt
 *(.rela.plt)

.rel.dyn        0x00044008        0x0
 *(.rel.dyn)
 .rel.iplt      0x00044008        0x0 /home/developer/segger-workspace/Distance_measurement/lib/vectors.o

.ARM.extab      0x00044008        0x0
                [!provide]                PROVIDE (__stext, ABSOLUTE (.))
                0x00044008                _stext = ABSOLUTE (.)
                0x00044008                . = .
 *(.ARM.extab* .gnu.linkonce.armextab.*)
                0x00044008                . = ALIGN (0x8)
                0x00044008                __exidx_start = ABSOLUTE (.)

.ARM.exidx      0x00044008        0x8
 *(.ARM.exidx* .gnu.linkonce.armexidx.*)
 .ARM.exidx     0x00044008        0x8 /home/developer/gcc-arm-none-eabi-5_4-2016/gcc-arm-none-eabi-5_4-2016q3/bin/../lib/gcc/arm-none-eabi/5.4.1/armv7e-m/fpu/libgcc.a(_udivmoddi4.o)
 .ARM.exidx.text.__aeabi_atexit
                0x00044010        0x0 /home/developer/gcc-arm-none-eabi-5_4-2016/gcc-arm-none-eabi-5_4-2016q3/bin/../lib/gcc/arm-none-eabi/5.4.1/../../../../arm-none-eabi/lib/armv7e-m/fpu/libsupc++.a(atexit_arm.o)
                                  0x8 (size before relaxing)
                0x00044010                . = .
                0x00044010                __exidx_end = ABSOLUTE (.)

.text           0x00044010    0x26910
 *(.text*)
 .text          0x00044010       0xec /home/developer/segger-workspace/Distance_measurement/lib/vectors.o
                0x00044010                reset_vector
                0x0004401c                hal_switch_state_vsr
                0x0004403c                hal_default_exception_vsr
                0x0004406e                hal_default_interrupt_vsr
                0x00044082                hal_pendable_svc_vsr
                0x000440a8                hal_interrupt_end_done
                0x000440ac                hal_interrupt_end_vsr
                0x000440ba                hal_call_dsrs_vsr
                0x000440be                hal_default_svc_vsr
                0x000440cc                hal_usagefault_exception_vsr
                0x000440f4                hal_boot_jump_asm
 .text.dwm_user_start
                0x000440fc      0x124 /home/developer/segger-workspace/Distance_measurement/output/compiler/main.o
                0x000440fc                dwm_user_start
 .text.binary_search_neighbor
                0x00044220       0x84 /home/developer/segger-workspace/Distance_measurement/output/compiler/node.o
                0x00044220                binary_search_neighbor
 .text.binary_store_neighbor
                0x000442a4       0xa4 /home/developer/segger-workspace/Distance_measurement/output/compiler/node.o
                0x000442a4                binary_store_neighbor
 .text.create_position
                0x00044348       0x38 /home/developer/segger-workspace/Distance_measurement/output/compiler/node.o
                0x00044348                create_position
 .text.dwm_anchor_scan_thread
                0x00044380       0xa8 /home/developer/segger-workspace/Distance_measurement/output/compiler/node.o
                0x00044380                dwm_anchor_scan_thread
 .text.err_check
                0x00044428       0x20 /home/developer/segger-workspace/Distance_measurement/output/compiler/node.o
                0x00044428                err_check
 .text.set_node_as_anchor
                0x00044448       0xf8 /home/developer/segger-workspace/Distance_measurement/output/compiler/node.o
                0x00044448                set_node_as_anchor
 .text.user_thread_create
                0x00044540       0x84 /home/developer/segger-workspace/Distance_measurement/lib/dwm.o
                0x00044540                user_thread_create
 .text.user_thread_resume
                0x000445c4       0x38 /home/developer/segger-workspace/Distance_measurement/lib/dwm.o
                0x000445c4                user_thread_resume
 .text.dwm_shell_add_commands
                0x000445fc       0x6c /home/developer/segger-workspace/Distance_measurement/lib/dwm.o
                0x000445fc                dwm_shell_add_commands
 .text.cyg_user_start
                0x00044668      0x13c /home/developer/segger-workspace/Distance_measurement/lib/dwm.o
                0x00044668                cyg_user_start
 .text.ble_adv_is_enabled
                0x000447a4        0xc /home/developer/segger-workspace/Distance_measurement/lib/libdwm.a(ble-server.o)
                0x000447a4                ble_adv_is_enabled
 .text.ble_add_shell_cmds
                0x000447b0       0x10 /home/developer/segger-workspace/Distance_measurement/lib/libdwm.a(ble-server.o)
                0x000447b0                ble_add_shell_cmds
 .text.ble_start
                0x000447c0       0x10 /home/developer/segger-workspace/Distance_measurement/lib/libdwm.a(ble-server.o)
                0x000447c0                ble_start
 .text.ble_stop
                0x000447d0       0x10 /home/developer/segger-workspace/Distance_measurement/lib/libdwm.a(ble-server.o)
                0x000447d0                ble_stop
 .text.ble_req_stop
                0x000447e0       0x10 /home/developer/segger-workspace/Distance_measurement/lib/libdwm.a(ble-server.o)
                0x000447e0                ble_req_stop
 .text.ble_stop_is_needed
                0x000447f0        0xc /home/developer/segger-workspace/Distance_measurement/lib/libdwm.a(ble-server.o)
                0x000447f0                ble_stop_is_needed
 .text.ble_autosuspend_disable
                0x000447fc        0xc /home/developer/segger-workspace/Distance_measurement/lib/libdwm.a(ble-server.o)
                0x000447fc                ble_autosuspend_disable
 .text.ble_autosuspend_enable
                0x00044808        0xc /home/developer/segger-workspace/Distance_measurement/lib/libdwm.a(ble-server.o)
                0x00044808                ble_autosuspend_enable
 .text.ble_label_set
                0x00044814       0x10 /home/developer/segger-workspace/Distance_measurement/lib/libdwm.a(ble-server.o)
                0x00044814                ble_label_set
 .text.ble_ur_set
                0x00044824       0x10 /home/developer/segger-workspace/Distance_measurement/lib/libdwm.a(ble-server.o)
                0x00044824                ble_ur_set
 .text.ble_pan_id_set
                0x00044834       0x10 /home/developer/segger-workspace/Distance_measurement/lib/libdwm.a(ble-server.o)
                0x00044834                ble_pan_id_set
 .text.ble_addr_set
                0x00044844       0x14 /home/developer/segger-workspace/Distance_measurement/lib/libdwm.a(ble-server.o)
                0x00044844                ble_addr_set
 .text.ble_addr_get
                0x00044858       0x14 /home/developer/segger-workspace/Distance_measurement/lib/libdwm.a(ble-server.o)
                0x00044858                ble_addr_get
 .text.ble_an_list_set
                0x0004486c       0x10 /home/developer/segger-workspace/Distance_measurement/lib/libdwm.a(ble-server.o)
                0x0004486c                ble_an_list_set
 .text.ble_mac_cl_info_set
                0x0004487c       0x10 /home/developer/segger-workspace/Distance_measurement/lib/libdwm.a(ble-server.o)
                0x0004487c                ble_mac_cl_info_set
 .text.ble_mac_stat_set
                0x0004488c       0x10 /home/developer/segger-workspace/Distance_measurement/lib/libdwm.a(ble-server.o)
                0x0004488c                ble_mac_stat_set
 .text.ble_proxy_set
                0x0004489c       0x14 /home/developer/segger-workspace/Distance_measurement/lib/libdwm.a(ble-server.o)
                0x0004489c                ble_proxy_set
 .text.dw_usec_to_devt
                0x000448b0       0x20 /home/developer/segger-workspace/Distance_measurement/lib/libdwm.a(dw1000.o)
                0x000448b0                dw_usec_to_devt
 .text.dw_read_sys_time
                0x000448d0       0x40 /home/developer/segger-workspace/Distance_measurement/lib/libdwm.a(dw1000.o)
                0x000448d0                dw_read_sys_time
 .text.dw_rand  0x00044910       0x18 /home/developer/segger-workspace/Distance_measurement/lib/libdwm.a(dw1000.o)
                0x00044910                dw_rand
 .text.dw_near_timeout
                0x00044928       0x50 /home/developer/segger-workspace/Distance_measurement/lib/libdwm.a(dw1000.o)
                0x00044928                dw_near_timeout
 .text.dw_tx_reset
                0x00044978       0x3a /home/developer/segger-workspace/Distance_measurement/lib/libdwm.a(dw1000.o)
                0x00044978                dw_tx_reset
 .text.dw_buf_write
                0x000449b2       0xd4 /home/developer/segger-workspace/Distance_measurement/lib/libdwm.a(dw1000.o)
                0x000449b2                dw_buf_write
 .text.dw_buf_start
                0x00044a86       0x90 /home/developer/segger-workspace/Distance_measurement/lib/libdwm.a(dw1000.o)
                0x00044a86                dw_buf_start
 .text.dw_buf_await_send
                0x00044b16       0x54 /home/developer/segger-workspace/Distance_measurement/lib/libdwm.a(dw1000.o)
                0x00044b16                dw_buf_await_send
 .text.dw_buf_send
                0x00044b6a       0x1e /home/developer/segger-workspace/Distance_measurement/lib/libdwm.a(dw1000.o)
                0x00044b6a                dw_buf_send
 .text.dw_rx_on
                0x00044b88       0x20 /home/developer/segger-workspace/Distance_measurement/lib/libdwm.a(dw1000.o)
                0x00044b88                dw_rx_on
 .text.dw_rxto_on
                0x00044ba8       0x40 /home/developer/segger-workspace/Distance_measurement/lib/libdwm.a(dw1000.o)
                0x00044ba8                dw_rxto_on
 .text.dw_get_preamble_len
                0x00044be8       0x18 /home/developer/segger-workspace/Distance_measurement/lib/libdwm.a(dw1000.o)
                0x00044be8                dw_get_preamble_len
 .text.dw_get_frame_len
                0x00044c00      0x124 /home/developer/segger-workspace/Distance_measurement/lib/libdwm.a(dw1000.o)
                0x00044c00                dw_get_frame_len
 *fill*         0x00044d24        0x4 
 .text.dw_get_qf
                0x00044d28      0x16c /home/developer/segger-workspace/Distance_measurement/lib/libdwm.a(dw1000.o)
                0x00044d28                dw_get_qf
 *fill*         0x00044e94        0x4 
 .text.dw_get_rssi
                0x00044e98       0xb8 /home/developer/segger-workspace/Distance_measurement/lib/libdwm.a(dw1000.o)
                0x00044e98                dw_get_rssi
 .text.dw_set_ch_cfg
                0x00044f50        0xa /home/developer/segger-workspace/Distance_measurement/lib/libdwm.a(dw1000.o)
                0x00044f50                dw_set_ch_cfg
 .text.dw_set_tx_cfg
                0x00044f5a       0x1a /home/developer/segger-workspace/Distance_measurement/lib/libdwm.a(dw1000.o)
                0x00044f5a                dw_set_tx_cfg
 .text.dw_set_ant_tx_delay
                0x00044f74        0x8 /home/developer/segger-workspace/Distance_measurement/lib/libdwm.a(dw1000.o)
                0x00044f74                dw_set_ant_tx_delay
 .text.dw_get_temp
                0x00044f7c       0x36 /home/developer/segger-workspace/Distance_measurement/lib/libdwm.a(dw1000.o)
                0x00044f7c                dw_get_temp
 .text.dw_rsl_workaround
                0x00044fb2       0x1c /home/developer/segger-workspace/Distance_measurement/lib/libdwm.a(dw1000.o)
                0x00044fb2                dw_rsl_workaround
 *fill*         0x00044fce        0x2 
 .text.dw_bw_txpwr_comp
                0x00044fd0      0x1f8 /home/developer/segger-workspace/Distance_measurement/lib/libdwm.a(dw1000.o)
                0x00044fd0                dw_bw_txpwr_comp
 .text.dw_tx_cb
                0x000451c8       0x7c /home/developer/segger-workspace/Distance_measurement/lib/libdwm.a(dw1000.o)
                0x000451c8                dw_tx_cb
 .text.dw_rx_cb
                0x00045244      0x18a /home/developer/segger-workspace/Distance_measurement/lib/libdwm.a(dw1000.o)
                0x00045244                dw_rx_cb
 .text.dw_sleep
                0x000453ce       0x54 /home/developer/segger-workspace/Distance_measurement/lib/libdwm.a(dw1000.o)
                0x000453ce                dw_sleep
 .text.dw_rxdata_read
                0x00045422       0x10 /home/developer/segger-workspace/Distance_measurement/lib/libdwm.a(dw1000.o)
                0x00045422                dw_rxdata_read
 *fill*         0x00045432        0x2 
 .text.dw_init  0x00045434       0xac /home/developer/segger-workspace/Distance_measurement/lib/libdwm.a(dw1000.o)
                0x00045434                dw_init
 .text.dw_set_src_addr
                0x000454e0       0x7a /home/developer/segger-workspace/Distance_measurement/lib/libdwm.a(dw1000.o)
                0x000454e0                dw_set_src_addr
 .text.dw_get_src_addr
                0x0004555a        0xc /home/developer/segger-workspace/Distance_measurement/lib/libdwm.a(dw1000.o)
                0x0004555a                dw_get_src_addr
 .text.dw_get_event
                0x00045566       0x70 /home/developer/segger-workspace/Distance_measurement/lib/libdwm.a(dw1000.o)
                0x00045566                dw_get_event
 *fill*         0x000455d6        0x2 
 .text.uwb_get_if
                0x000455d8       0x10 /home/developer/segger-workspace/Distance_measurement/lib/libdwm.a(dw1000.o)
                0x000455d8                uwb_get_if
 .text.dw1000_init
                0x000455e8       0xd8 /home/developer/segger-workspace/Distance_measurement/lib/libdwm.a(dw1000.o)
                0x000455e8                dw1000_init
 .text.fact     0x000456c0       0x12 /home/developer/segger-workspace/Distance_measurement/lib/libdwm.a(dwm-math.o)
                0x000456c0                fact
 *fill*         0x000456d2        0x2 
 .text.flog10   0x000456d4       0x28 /home/developer/segger-workspace/Distance_measurement/lib/libdwm.a(dwm-math.o)
                0x000456d4                flog10
 .text.get_dist
                0x000456fc       0xc4 /home/developer/segger-workspace/Distance_measurement/lib/libdwm.a(dwm-math.o)
                0x000456fc                get_dist
 .text.dwm_thread_create
                0x000457c0       0x20 /home/developer/segger-workspace/Distance_measurement/lib/libdwm.a(dwm.o)
                0x000457c0                dwm_thread_create
 .text.dwm_thread_resume
                0x000457e0       0x10 /home/developer/segger-workspace/Distance_measurement/lib/libdwm.a(dwm.o)
                0x000457e0                dwm_thread_resume
 .text.dwm_reset
                0x000457f0       0x24 /home/developer/segger-workspace/Distance_measurement/lib/libdwm.a(dwm.o)
                0x000457f0                dwm_reset
 .text.dwm_cfg_anchor_set
                0x00045814       0x52 /home/developer/segger-workspace/Distance_measurement/lib/libdwm.a(dwm.o)
                0x00045814                dwm_cfg_anchor_set
 .text.dwm_cfg_tag_set
                0x00045866       0x66 /home/developer/segger-workspace/Distance_measurement/lib/libdwm.a(dwm.o)
                0x00045866                dwm_cfg_tag_set
 .text.dwm_cfg_get
                0x000458cc       0x72 /home/developer/segger-workspace/Distance_measurement/lib/libdwm.a(dwm.o)
                0x000458cc                dwm_cfg_get
 .text.dwm_pos_set
                0x0004593e       0x2e /home/developer/segger-workspace/Distance_measurement/lib/libdwm.a(dwm.o)
                0x0004593e                dwm_pos_set
 .text.dwm_pos_get
                0x0004596c       0x36 /home/developer/segger-workspace/Distance_measurement/lib/libdwm.a(dwm.o)
                0x0004596c                dwm_pos_get
 .text.dwm_anchor_list_get
                0x000459a2       0xb4 /home/developer/segger-workspace/Distance_measurement/lib/libdwm.a(dwm.o)
                0x000459a2                dwm_anchor_list_get
 .text.dwm_upd_rate_set
                0x00045a56       0x20 /home/developer/segger-workspace/Distance_measurement/lib/libdwm.a(dwm.o)
                0x00045a56                dwm_upd_rate_set
 .text.dwm_upd_rate_get
                0x00045a76       0x34 /home/developer/segger-workspace/Distance_measurement/lib/libdwm.a(dwm.o)
                0x00045a76                dwm_upd_rate_get
 .text.dwm_node_id_get
                0x00045aaa       0x22 /home/developer/segger-workspace/Distance_measurement/lib/libdwm.a(dwm.o)
                0x00045aaa                dwm_node_id_get
 .text.dwm_usr_data_write
                0x00045acc       0x4c /home/developer/segger-workspace/Distance_measurement/lib/libdwm.a(dwm.o)
                0x00045acc                dwm_usr_data_write
 .text.dwm_nvm_usr_data_get
                0x00045b18       0x2c /home/developer/segger-workspace/Distance_measurement/lib/libdwm.a(dwm.o)
                0x00045b18                dwm_nvm_usr_data_get
 .text.dwm_nvm_usr_data_set
                0x00045b44       0x22 /home/developer/segger-workspace/Distance_measurement/lib/libdwm.a(dwm.o)
                0x00045b44                dwm_nvm_usr_data_set
 .text.dwm_le_compile
                0x00045b66        0x4 /home/developer/segger-workspace/Distance_measurement/lib/libdwm.a(dwm.o)
                0x00045b66                dwm_le_compile
 *fill*         0x00045b6a        0x2 
 .text.env_get_end
                0x00045b6c       0x28 /home/developer/segger-workspace/Distance_measurement/lib/libdwm.a(env-tlv.o)
 .text.env_save
                0x00045b94       0x60 /home/developer/segger-workspace/Distance_measurement/lib/libdwm.a(env-tlv.o)
                0x00045b94                env_save
 .text.env_load
                0x00045bf4       0xe4 /home/developer/segger-workspace/Distance_measurement/lib/libdwm.a(env-tlv.o)
                0x00045bf4                env_load
 .text.env_clear
                0x00045cd8       0x48 /home/developer/segger-workspace/Distance_measurement/lib/libdwm.a(env-tlv.o)
                0x00045cd8                env_clear
 .text.env_get  0x00045d20       0x30 /home/developer/segger-workspace/Distance_measurement/lib/libdwm.a(env-tlv.o)
                0x00045d20                env_get
 .text.env_set  0x00045d50       0xa8 /home/developer/segger-workspace/Distance_measurement/lib/libdwm.a(env-tlv.o)
                0x00045d50                env_set
 .text.fwup_reset
                0x00045df8        0x8 /home/developer/segger-workspace/Distance_measurement/lib/libdwm.a(fwup.o)
                0x00045df8                fwup_reset
 .text.fwup_sndr_init
                0x00045e00       0x6a /home/developer/segger-workspace/Distance_measurement/lib/libdwm.a(fwup.o)
                0x00045e00                fwup_sndr_init
 .text.fwup_rcvr_in_progress
                0x00045e6a       0x1a /home/developer/segger-workspace/Distance_measurement/lib/libdwm.a(fwup.o)
                0x00045e6a                fwup_rcvr_in_progress
 .text.fwup_rcvr_stop
                0x00045e84       0x16 /home/developer/segger-workspace/Distance_measurement/lib/libdwm.a(fwup.o)
                0x00045e84                fwup_rcvr_stop
 .text.fwup_rcvr_start
                0x00045e9a       0x4c /home/developer/segger-workspace/Distance_measurement/lib/libdwm.a(fwup.o)
                0x00045e9a                fwup_rcvr_start
 .text.fwup_rcvr_rxbuf_space
                0x00045ee6       0x12 /home/developer/segger-workspace/Distance_measurement/lib/libdwm.a(fwup.o)
                0x00045ee6                fwup_rcvr_rxbuf_space
 .text.fwup_rcvr_data_handler
                0x00045ef8       0x60 /home/developer/segger-workspace/Distance_measurement/lib/libdwm.a(fwup.o)
                0x00045ef8                fwup_rcvr_data_handler
 .text.fwup_rcvr_data_write
                0x00045f58      0x160 /home/developer/segger-workspace/Distance_measurement/lib/libdwm.a(fwup.o)
                0x00045f58                fwup_rcvr_data_write
 .text.fwup_rcvr_is_finished
                0x000460b8       0x36 /home/developer/segger-workspace/Distance_measurement/lib/libdwm.a(fwup.o)
                0x000460b8                fwup_rcvr_is_finished
 .text.nrf_gpio_pins_toggle
                0x000460ee       0x18 /home/developer/segger-workspace/Distance_measurement/lib/libdwm.a(hal.o)
 .text.sd_rand_application_bytes_available_get
                0x00046106        0x4 /home/developer/segger-workspace/Distance_measurement/lib/libdwm.a(hal.o)
 .text.sd_rand_application_vector_get
                0x0004610a        0x4 /home/developer/segger-workspace/Distance_measurement/lib/libdwm.a(hal.o)
 .text.sd_clock_hfclk_request
                0x0004610e        0x4 /home/developer/segger-workspace/Distance_measurement/lib/libdwm.a(hal.o)
 .text.sd_clock_hfclk_release
                0x00046112        0x4 /home/developer/segger-workspace/Distance_measurement/lib/libdwm.a(hal.o)
 .text.sd_app_evt_wait
                0x00046116        0x4 /home/developer/segger-workspace/Distance_measurement/lib/libdwm.a(hal.o)
 .text.sd_ecb_block_encrypt
                0x0004611a        0x4 /home/developer/segger-workspace/Distance_measurement/lib/libdwm.a(hal.o)
 .text._led_dummy
                0x0004611e        0x2 /home/developer/segger-workspace/Distance_measurement/lib/libdwm.a(hal.o)
 .text._led_orange_on
                0x00046120        0xe /home/developer/segger-workspace/Distance_measurement/lib/libdwm.a(hal.o)
 .text._led_orange_off
                0x0004612e        0xe /home/developer/segger-workspace/Distance_measurement/lib/libdwm.a(hal.o)
 .text._led_orange_toggle
                0x0004613c        0x8 /home/developer/segger-workspace/Distance_measurement/lib/libdwm.a(hal.o)
 .text._led_red_on
                0x00046144        0xe /home/developer/segger-workspace/Distance_measurement/lib/libdwm.a(hal.o)
 .text._led_red_off
                0x00046152        0xe /home/developer/segger-workspace/Distance_measurement/lib/libdwm.a(hal.o)
 .text._led_red_toggle
                0x00046160        0x8 /home/developer/segger-workspace/Distance_measurement/lib/libdwm.a(hal.o)
 .text._led_green_on
                0x00046168        0xe /home/developer/segger-workspace/Distance_measurement/lib/libdwm.a(hal.o)
 .text._led_green_off
                0x00046176        0xe /home/developer/segger-workspace/Distance_measurement/lib/libdwm.a(hal.o)
 .text._led_green_toggle
                0x00046184        0x8 /home/developer/segger-workspace/Distance_measurement/lib/libdwm.a(hal.o)
 .text.wdt_handler
                0x0004618c        0x2 /home/developer/segger-workspace/Distance_measurement/lib/libdwm.a(hal.o)
 *fill*         0x0004618e        0x2 
 .text.hal_factory_reset
                0x00046190       0x30 /home/developer/segger-workspace/Distance_measurement/lib/libdwm.a(hal.o)
                0x00046190                hal_factory_reset
 .text.is_user_app_pin
                0x000461c0       0x5c /home/developer/segger-workspace/Distance_measurement/lib/libdwm.a(hal.o)
                0x000461c0                is_user_app_pin
 .text.hal_sd_enabled
                0x0004621c        0x8 /home/developer/segger-workspace/Distance_measurement/lib/libdwm.a(hal.o)
                0x0004621c                hal_sd_enabled
 .text.hal_flash_erase
                0x00046224       0x14 /home/developer/segger-workspace/Distance_measurement/lib/libdwm.a(hal.o)
                0x00046224                hal_flash_erase
 .text.hal_flash_write_page
                0x00046238        0x6 /home/developer/segger-workspace/Distance_measurement/lib/libdwm.a(hal.o)
                0x00046238                hal_flash_write_page
 .text.hal_fw_get_chksum
                0x0004623e       0x42 /home/developer/segger-workspace/Distance_measurement/lib/libdwm.a(hal.o)
                0x0004623e                hal_fw_get_chksum
 .text.hal_fw_is_compat
                0x00046280       0x10 /home/developer/segger-workspace/Distance_measurement/lib/libdwm.a(hal.o)
                0x00046280                hal_fw_is_compat
 .text.hal_time_hfclk_start
                0x00046290       0x1a /home/developer/segger-workspace/Distance_measurement/lib/libdwm.a(hal.o)
                0x00046290                hal_time_hfclk_start
 .text.hal_time_hfclk_stop
                0x000462aa       0x1c /home/developer/segger-workspace/Distance_measurement/lib/libdwm.a(hal.o)
                0x000462aa                hal_time_hfclk_stop
 *fill*         0x000462c6        0x2 
 .text.hal_wdt_app_init
                0x000462c8       0x10 /home/developer/segger-workspace/Distance_measurement/lib/libdwm.a(hal.o)
                0x000462c8                hal_wdt_app_init
 .text.hal_wdt_app_reset
                0x000462d8        0x4 /home/developer/segger-workspace/Distance_measurement/lib/libdwm.a(hal.o)
                0x000462d8                hal_wdt_app_reset
 .text.hal_sleep
                0x000462dc       0xe4 /home/developer/segger-workspace/Distance_measurement/lib/libdwm.a(hal.o)
                0x000462dc                hal_sleep
 .text.hal_uptime
                0x000463c0       0x20 /home/developer/segger-workspace/Distance_measurement/lib/libdwm.a(hal.o)
                0x000463c0                hal_uptime
 .text.hal_critical_region_enter
                0x000463e0       0x58 /home/developer/segger-workspace/Distance_measurement/lib/libdwm.a(hal.o)
                0x000463e0                hal_critical_region_enter
 .text.hal_critical_region_exit
                0x00046438       0x38 /home/developer/segger-workspace/Distance_measurement/lib/libdwm.a(hal.o)
                0x00046438                hal_critical_region_exit
 .text.leds_enable
                0x00046470       0xbc /home/developer/segger-workspace/Distance_measurement/lib/libdwm.a(hal.o)
                0x00046470                leds_enable
 .text.leds_disable
                0x0004652c       0x74 /home/developer/segger-workspace/Distance_measurement/lib/libdwm.a(hal.o)
                0x0004652c                leds_disable
 .text.hal_crypto_rng_get
                0x000465a0       0xa8 /home/developer/segger-workspace/Distance_measurement/lib/libdwm.a(hal.o)
                0x000465a0                hal_crypto_rng_get
 .text.hal_crypto_set_key
                0x00046648       0x60 /home/developer/segger-workspace/Distance_measurement/lib/libdwm.a(hal.o)
                0x00046648                hal_crypto_set_key
 .text.hal_crypto_mac_get
                0x000466a8      0x128 /home/developer/segger-workspace/Distance_measurement/lib/libdwm.a(hal.o)
                0x000466a8                hal_crypto_mac_get
 .text.hal_crypto_crypt
                0x000467d0       0xc8 /home/developer/segger-workspace/Distance_measurement/lib/libdwm.a(hal.o)
                0x000467d0                hal_crypto_crypt
 .text._read    0x00046898        0x8 /home/developer/segger-workspace/Distance_measurement/lib/libdwm.a(hal.o)
                0x00046898                _read
 .text._write   0x000468a0       0x2a /home/developer/segger-workspace/Distance_measurement/lib/libdwm.a(hal.o)
                0x000468a0                _write
 *fill*         0x000468ca        0x2 
 .text._sbrk    0x000468cc       0x2c /home/developer/segger-workspace/Distance_measurement/lib/libdwm.a(hal.o)
                0x000468cc                _sbrk
 .text.rng_isr  0x000468f8       0x14 /home/developer/segger-workspace/Distance_measurement/lib/libdwm.a(nrf_drv_rng.o)
 .text.rng_start
                0x0004690c       0x38 /home/developer/segger-workspace/Distance_measurement/lib/libdwm.a(nrf_drv_rng.o)
 .text.nrf_drv_rng_init
                0x00046944       0x98 /home/developer/segger-workspace/Distance_measurement/lib/libdwm.a(nrf_drv_rng.o)
                0x00046944                nrf_drv_rng_init
 .text.nrf_drv_rng_bytes_available
                0x000469dc       0x14 /home/developer/segger-workspace/Distance_measurement/lib/libdwm.a(nrf_drv_rng.o)
                0x000469dc                nrf_drv_rng_bytes_available
 .text.nrf_drv_rng_rand
                0x000469f0       0x3c /home/developer/segger-workspace/Distance_measurement/lib/libdwm.a(nrf_drv_rng.o)
                0x000469f0                nrf_drv_rng_rand
 .text.RNG_IRQHandler
                0x00046a2c       0x54 /home/developer/segger-workspace/Distance_measurement/lib/libdwm.a(nrf_drv_rng.o)
                0x00046a2c                RNG_IRQHandler
 .text.rng_dsr  0x00046a80       0x10 /home/developer/segger-workspace/Distance_measurement/lib/libdwm.a(nrf_drv_rng.o)
 .text.pm_can_sleep
                0x00046a90       0x44 /home/developer/segger-workspace/Distance_measurement/lib/libdwm.a(pm.o)
                0x00046a90                pm_can_sleep
 .text.pm_task_get_next
                0x00046ad4       0x54 /home/developer/segger-workspace/Distance_measurement/lib/libdwm.a(pm.o)
                0x00046ad4                pm_task_get_next
 .text.pm_sched_signal
                0x00046b28        0xc /home/developer/segger-workspace/Distance_measurement/lib/libdwm.a(pm.o)
                0x00046b28                pm_sched_signal
 .text.pm_sched_wait
                0x00046b34        0xc /home/developer/segger-workspace/Distance_measurement/lib/libdwm.a(pm.o)
                0x00046b34                pm_sched_wait
 .text.pm_task_lock
                0x00046b40       0x26 /home/developer/segger-workspace/Distance_measurement/lib/libdwm.a(pm.o)
                0x00046b40                pm_task_lock
 .text.pm_task_unlock
                0x00046b66       0x2c /home/developer/segger-workspace/Distance_measurement/lib/libdwm.a(pm.o)
                0x00046b66                pm_task_unlock
 *fill*         0x00046b92        0x2 
 .text.pm_task_unlock_set_alarm
                0x00046b94       0x98 /home/developer/segger-workspace/Distance_measurement/lib/libdwm.a(pm.o)
                0x00046b94                pm_task_unlock_set_alarm
 .text.pm_task_wakeup
                0x00046c2c        0x4 /home/developer/segger-workspace/Distance_measurement/lib/libdwm.a(pm.o)
                0x00046c2c                pm_task_wakeup
 .text.pm_task_alloc
                0x00046c30       0x64 /home/developer/segger-workspace/Distance_measurement/lib/libdwm.a(pm.o)
                0x00046c30                pm_task_alloc
 .text.pm_init  0x00046c94       0x54 /home/developer/segger-workspace/Distance_measurement/lib/libdwm.a(pm.o)
                0x00046c94                pm_init
 .text.api_thread_start
                0x00046ce8       0x10 /home/developer/segger-workspace/Distance_measurement/lib/libdwm.a(process-api.o)
                0x00046ce8                api_thread_start
 .text.api_thread_init
                0x00046cf8       0x3c /home/developer/segger-workspace/Distance_measurement/lib/libdwm.a(process-api.o)
                0x00046cf8                api_thread_init
 .text.ble_init_ready
                0x00046d34        0xc /home/developer/segger-workspace/Distance_measurement/lib/libdwm.a(process-ble.o)
                0x00046d34                ble_init_ready
 .text.le_print_disable
                0x00046d40       0x10 /home/developer/segger-workspace/Distance_measurement/lib/libdwm.a(process-le.o)
 .text.nole_thread_entry
                0x00046d50      0x2a8 /home/developer/segger-workspace/Distance_measurement/lib/libdwm.a(process-le.o)
 .text.le_thread_entry
                0x00046ff8      0x48c /home/developer/segger-workspace/Distance_measurement/lib/libdwm.a(process-le.o)
 .text.le_post_loc_data
                0x00047484       0x60 /home/developer/segger-workspace/Distance_measurement/lib/libdwm.a(process-le.o)
                0x00047484                le_post_loc_data
 .text.le_init  0x000474e4       0x7c /home/developer/segger-workspace/Distance_measurement/lib/libdwm.a(process-le.o)
                0x000474e4                le_init
 .text.le_start
                0x00047560       0x18 /home/developer/segger-workspace/Distance_measurement/lib/libdwm.a(process-le.o)
                0x00047560                le_start
 .text.le_post_meas
                0x00047578       0x78 /home/developer/segger-workspace/Distance_measurement/lib/libdwm.a(process-le.o)
                0x00047578                le_post_meas
 .text.le_pos_get
                0x000475f0       0x64 /home/developer/segger-workspace/Distance_measurement/lib/libdwm.a(process-le.o)
                0x000475f0                le_pos_get
 .text.le_loc_get
                0x00047654      0x104 /home/developer/segger-workspace/Distance_measurement/lib/libdwm.a(process-le.o)
                0x00047654                le_loc_get
 .text.le_loc_print_toggle
                0x00047758       0x28 /home/developer/segger-workspace/Distance_measurement/lib/libdwm.a(process-le.o)
                0x00047758                le_loc_print_toggle
 .text.le_loc_ts_print_toggle
                0x00047780       0x24 /home/developer/segger-workspace/Distance_measurement/lib/libdwm.a(process-le.o)
                0x00047780                le_loc_ts_print_toggle
 .text.le_loc_csv_print_toggle
                0x000477a4       0x28 /home/developer/segger-workspace/Distance_measurement/lib/libdwm.a(process-le.o)
                0x000477a4                le_loc_csv_print_toggle
 .text.le_loc_csv_ts_print_toggle
                0x000477cc       0x28 /home/developer/segger-workspace/Distance_measurement/lib/libdwm.a(process-le.o)
                0x000477cc                le_loc_csv_ts_print_toggle
 .text.le_pos_csv_print_toggle
                0x000477f4       0x24 /home/developer/segger-workspace/Distance_measurement/lib/libdwm.a(process-le.o)
                0x000477f4                le_pos_csv_print_toggle
 .text.le_compile
                0x00047818       0x18 /home/developer/segger-workspace/Distance_measurement/lib/libdwm.a(process-le.o)
                0x00047818                le_compile
 .text.pm_thread_entry
                0x00047830       0x98 /home/developer/segger-workspace/Distance_measurement/lib/libdwm.a(process-pm.o)
 .text.hal_pm_init
                0x000478c8       0x70 /home/developer/segger-workspace/Distance_measurement/lib/libdwm.a(process-pm.o)
                0x000478c8                hal_pm_init
 .text.hal_pm_start
                0x00047938        0xc /home/developer/segger-workspace/Distance_measurement/lib/libdwm.a(process-pm.o)
                0x00047938                hal_pm_start
 .text.uwb0_recover.part.0
                0x00047944       0x1c /home/developer/segger-workspace/Distance_measurement/lib/libdwm.a(process-svc.o)
 .text.svc_thread_entry
                0x00047960      0x2b0 /home/developer/segger-workspace/Distance_measurement/lib/libdwm.a(process-svc.o)
 .text.svc_init
                0x00047c10       0x3c /home/developer/segger-workspace/Distance_measurement/lib/libdwm.a(process-svc.o)
                0x00047c10                svc_init
 .text.svc_start
                0x00047c4c        0xc /home/developer/segger-workspace/Distance_measurement/lib/libdwm.a(process-svc.o)
                0x00047c4c                svc_start
 .text.svc_post_event
                0x00047c58       0x64 /home/developer/segger-workspace/Distance_measurement/lib/libdwm.a(process-svc.o)
                0x00047c58                svc_post_event
 .text.svc_suspend
                0x00047cbc       0x30 /home/developer/segger-workspace/Distance_measurement/lib/libdwm.a(process-svc.o)
                0x00047cbc                svc_suspend
 .text.svc_resume
                0x00047cec       0x28 /home/developer/segger-workspace/Distance_measurement/lib/libdwm.a(process-svc.o)
                0x00047cec                svc_resume
 .text.uwbmac_wkr_thread_entry
                0x00047d14       0x1c /home/developer/segger-workspace/Distance_measurement/lib/libdwm.a(process-uwbmac.o)
 .text.uwbmac_thread_entry
                0x00047d30      0x12c /home/developer/segger-workspace/Distance_measurement/lib/libdwm.a(process-uwbmac.o)
 .text.uwbmac_init
                0x00047e5c       0x6c /home/developer/segger-workspace/Distance_measurement/lib/libdwm.a(process-uwbmac.o)
                0x00047e5c                uwbmac_init
 .text.uwbmac_start
                0x00047ec8       0x18 /home/developer/segger-workspace/Distance_measurement/lib/libdwm.a(process-uwbmac.o)
                0x00047ec8                uwbmac_start
 .text.dw_intr  0x00047ee0        0xc /home/developer/segger-workspace/Distance_measurement/lib/libdwm.a(process-uwb.o)
                0x00047ee0                dw_intr
 .text.uwb_init_uwb0
                0x00047eec      0x42c /home/developer/segger-workspace/Distance_measurement/lib/libdwm.a(process-uwb.o)
                0x00047eec                uwb_init_uwb0
 .text.uwb_thread_entry
                0x00048318       0xac /home/developer/segger-workspace/Distance_measurement/lib/libdwm.a(process-uwb.o)
 .text.uwb_init
                0x000483c4       0x3c /home/developer/segger-workspace/Distance_measurement/lib/libdwm.a(process-uwb.o)
                0x000483c4                uwb_init
 .text.uwb_start
                0x00048400        0xc /home/developer/segger-workspace/Distance_measurement/lib/libdwm.a(process-uwb.o)
                0x00048400                uwb_start
 .text.uwb_init_ready_await
                0x0004840c       0x18 /home/developer/segger-workspace/Distance_measurement/lib/libdwm.a(process-uwb.o)
                0x0004840c                uwb_init_ready_await
 .text.serial_sleep
                0x00048424       0x10 /home/developer/segger-workspace/Distance_measurement/lib/libdwm.a(serial.o)
                0x00048424                serial_sleep
 .text.serial_status_change_ntfy
                0x00048434       0x10 /home/developer/segger-workspace/Distance_measurement/lib/libdwm.a(serial.o)
                0x00048434                serial_status_change_ntfy
 .text.serial_start
                0x00048444       0x10 /home/developer/segger-workspace/Distance_measurement/lib/libdwm.a(serial.o)
                0x00048444                serial_start
 .text.serial_is_uart_compiled
                0x00048454        0xc /home/developer/segger-workspace/Distance_measurement/lib/libdwm.a(serial.o)
                0x00048454                serial_is_uart_compiled
 .text.serial_is_compiled
                0x00048460        0xc /home/developer/segger-workspace/Distance_measurement/lib/libdwm.a(serial.o)
                0x00048460                serial_is_compiled
 .text.cmd_enc_key_clear
                0x0004846c       0x34 /home/developer/segger-workspace/Distance_measurement/lib/libdwm.a(shell-api.o)
                0x0004846c                cmd_enc_key_clear
 .text.cmd_nvm_usr_data_clear
                0x000484a0       0x38 /home/developer/segger-workspace/Distance_measurement/lib/libdwm.a(shell-api.o)
 .text.cmd_nvm_usr_data_set
                0x000484d8       0xb8 /home/developer/segger-workspace/Distance_measurement/lib/libdwm.a(shell-api.o)
 .text.cmd_tlv  0x00048590       0xb0 /home/developer/segger-workspace/Distance_measurement/lib/libdwm.a(shell-api.o)
 .text.api_cb   0x00048640       0x44 /home/developer/segger-workspace/Distance_measurement/lib/libdwm.a(shell-api.o)
 .text.cmd_enc_key_set
                0x00048684       0x94 /home/developer/segger-workspace/Distance_measurement/lib/libdwm.a(shell-api.o)
                0x00048684                cmd_enc_key_set
 .text.cmd_nvm_usr_data_get
                0x00048718       0x64 /home/developer/segger-workspace/Distance_measurement/lib/libdwm.a(shell-api.o)
 .text.cmd_cfg_tn_set
                0x0004877c      0x120 /home/developer/segger-workspace/Distance_measurement/lib/libdwm.a(shell-api.o)
 .text.cmd_cfg_an_set
                0x0004889c       0xf4 /home/developer/segger-workspace/Distance_measurement/lib/libdwm.a(shell-api.o)
 .text.cmd_pos_set
                0x00048990       0x88 /home/developer/segger-workspace/Distance_measurement/lib/libdwm.a(shell-api.o)
 .text.cmd_pos_get
                0x00048a18       0x48 /home/developer/segger-workspace/Distance_measurement/lib/libdwm.a(shell-api.o)
 .text.cmd_ur_get
                0x00048a60       0x4c /home/developer/segger-workspace/Distance_measurement/lib/libdwm.a(shell-api.o)
 .text.cmd_ur_set
                0x00048aac       0x7c /home/developer/segger-workspace/Distance_measurement/lib/libdwm.a(shell-api.o)
 .text.cmd_le_show_loc
                0x00048b28       0x2c /home/developer/segger-workspace/Distance_measurement/lib/libdwm.a(shell-le.o)
                0x00048b28                cmd_le_show_loc
 .text.cmd_le_show_loc_csv
                0x00048b54       0x2c /home/developer/segger-workspace/Distance_measurement/lib/libdwm.a(shell-le.o)
                0x00048b54                cmd_le_show_loc_csv
 .text.cmd_le_show_pos_csv
                0x00048b80        0x4 /home/developer/segger-workspace/Distance_measurement/lib/libdwm.a(shell-le.o)
                0x00048b80                cmd_le_show_pos_csv
 .text.dwm_shell_init
                0x00048b84       0x10 /home/developer/segger-workspace/Distance_measurement/lib/libdwm.a(shell.o)
                0x00048b84                dwm_shell_init
 .text.shell_start
                0x00048b94       0x10 /home/developer/segger-workspace/Distance_measurement/lib/libdwm.a(shell.o)
                0x00048b94                shell_start
 .text.shell_delete_if_unused
                0x00048ba4       0x10 /home/developer/segger-workspace/Distance_measurement/lib/libdwm.a(shell.o)
                0x00048ba4                shell_delete_if_unused
 .text.shell_add_cmds
                0x00048bb4       0x10 /home/developer/segger-workspace/Distance_measurement/lib/libdwm.a(shell.o)
                0x00048bb4                shell_add_cmds
 .text.get_argc
                0x00048bc4       0x10 /home/developer/segger-workspace/Distance_measurement/lib/libdwm.a(shell.o)
                0x00048bc4                get_argc
 .text.shell_get_arg
                0x00048bd4       0x10 /home/developer/segger-workspace/Distance_measurement/lib/libdwm.a(shell.o)
                0x00048bd4                shell_get_arg
 .text.shell_get_arg_int
                0x00048be4       0x10 /home/developer/segger-workspace/Distance_measurement/lib/libdwm.a(shell.o)
                0x00048be4                shell_get_arg_int
 .text.shell_show_hidden
                0x00048bf4       0x10 /home/developer/segger-workspace/Distance_measurement/lib/libdwm.a(shell.o)
                0x00048bf4                shell_show_hidden
 .text.shell_show_hidden_enabled
                0x00048c04       0x14 /home/developer/segger-workspace/Distance_measurement/lib/libdwm.a(shell.o)
                0x00048c04                shell_show_hidden_enabled
 .text.shell_is_compiled
                0x00048c18        0xc /home/developer/segger-workspace/Distance_measurement/lib/libdwm.a(shell.o)
                0x00048c18                shell_is_compiled
 .text.cmd_twi  0x00048c24       0xc4 /home/developer/segger-workspace/Distance_measurement/lib/libdwm.a(shell-sens.o)
                0x00048c24                cmd_twi
 .text.cmd_stnry_cfg_get
                0x00048ce8       0x2c /home/developer/segger-workspace/Distance_measurement/lib/libdwm.a(shell-sens.o)
                0x00048ce8                cmd_stnry_cfg_get
 .text.cmd_acc_xyz
                0x00048d14       0x48 /home/developer/segger-workspace/Distance_measurement/lib/libdwm.a(shell-sens.o)
 .text.cmd_acc_id
                0x00048d5c       0x24 /home/developer/segger-workspace/Distance_measurement/lib/libdwm.a(shell-sens.o)
 .text.cmd_stnry_cfg_set
                0x00048d80       0x60 /home/developer/segger-workspace/Distance_measurement/lib/libdwm.a(shell-sens.o)
                0x00048d80                cmd_stnry_cfg_set
 .text.NVIC_SystemReset
                0x00048de0       0x24 /home/developer/segger-workspace/Distance_measurement/lib/libdwm.a(shell-uwbmac.o)
 .text.cmd_uwbmac_stats_clear
                0x00048e04       0x28 /home/developer/segger-workspace/Distance_measurement/lib/libdwm.a(shell-uwbmac.o)
 .text.cmd_test_udi
                0x00048e2c       0x38 /home/developer/segger-workspace/Distance_measurement/lib/libdwm.a(shell-uwbmac.o)
 .text.cmd_uwbmac_stats_get
                0x00048e64        0xe /home/developer/segger-workspace/Distance_measurement/lib/libdwm.a(shell-uwbmac.o)
 *fill*         0x00048e72        0x2 
 .text.cmd_test_uui
                0x00048e74      0x170 /home/developer/segger-workspace/Distance_measurement/lib/libdwm.a(shell-uwbmac.o)
 .text.cmd_uwbmac_lrn
                0x00048fe4       0xf4 /home/developer/segger-workspace/Distance_measurement/lib/libdwm.a(shell-uwbmac.o)
 .text.cmd_uwbmac_lr
                0x000490d8       0xf4 /home/developer/segger-workspace/Distance_measurement/lib/libdwm.a(shell-uwbmac.o)
 .text.cmd_uwbmac_lb
                0x000491cc       0x18 /home/developer/segger-workspace/Distance_measurement/lib/libdwm.a(shell-uwbmac.o)
 .text.cmd_uwbmac_la
                0x000491e4       0x18 /home/developer/segger-workspace/Distance_measurement/lib/libdwm.a(shell-uwbmac.o)
 .text.cmd_uwbmac_reinit
                0x000491fc       0x64 /home/developer/segger-workspace/Distance_measurement/lib/libdwm.a(shell-uwbmac.o)
 .text.cmd_acf_toggle
                0x00049260       0x58 /home/developer/segger-workspace/Distance_measurement/lib/libdwm.a(shell-uwbmac.o)
 .text.cmd_bpc_toggle
                0x000492b8       0x58 /home/developer/segger-workspace/Distance_measurement/lib/libdwm.a(shell-uwbmac.o)
 .text.cmd_node_mode_set_bn
                0x00049310        0xe /home/developer/segger-workspace/Distance_measurement/lib/libdwm.a(shell-uwbmac.o)
 .text.cmd_node_mode_set_tn_lp
                0x0004931e        0xe /home/developer/segger-workspace/Distance_measurement/lib/libdwm.a(shell-uwbmac.o)
 .text.cmd_node_mode_set_tn
                0x0004932c        0xe /home/developer/segger-workspace/Distance_measurement/lib/libdwm.a(shell-uwbmac.o)
 .text.cmd_node_mode_set_ani
                0x0004933a        0xe /home/developer/segger-workspace/Distance_measurement/lib/libdwm.a(shell-uwbmac.o)
 .text.cmd_node_mode_set_an
                0x00049348        0xe /home/developer/segger-workspace/Distance_measurement/lib/libdwm.a(shell-uwbmac.o)
 .text.cmd_node_mode_set_pn_off
                0x00049356       0x10 /home/developer/segger-workspace/Distance_measurement/lib/libdwm.a(shell-uwbmac.o)
 .text.cmd_node_mode_set_pn_pasv
                0x00049366       0x10 /home/developer/segger-workspace/Distance_measurement/lib/libdwm.a(shell-uwbmac.o)
 *fill*         0x00049376        0x2 
 .text.cmd_node_mode_get
                0x00049378       0x24 /home/developer/segger-workspace/Distance_measurement/lib/libdwm.a(shell-uwbmac.o)
 .text.cmd_uwbmac_nls
                0x0004939c       0x7c /home/developer/segger-workspace/Distance_measurement/lib/libdwm.a(shell-uwbmac.o)
 .text.cmd_uwbmac_nis
                0x00049418       0x78 /home/developer/segger-workspace/Distance_measurement/lib/libdwm.a(shell-uwbmac.o)
 .text.sd_softdevice_disable
                0x00049490        0x4 /home/developer/segger-workspace/Distance_measurement/lib/libdwm.a(softdevice_handler.o)
 .text.softdevice_handler_is_enabled
                0x00049494        0xc /home/developer/segger-workspace/Distance_measurement/lib/libdwm.a(softdevice_handler.o)
                0x00049494                softdevice_handler_is_enabled
 .text.softdevice_handler_sd_disable
                0x000494a0       0x1c /home/developer/segger-workspace/Distance_measurement/lib/libdwm.a(softdevice_handler.o)
                0x000494a0                softdevice_handler_sd_disable
 .text.stats_get_data
                0x000494bc        0x8 /home/developer/segger-workspace/Distance_measurement/lib/libdwm.a(stats.o)
                0x000494bc                stats_get_data
 .text.stats_reset
                0x000494c4        0x8 /home/developer/segger-workspace/Distance_measurement/lib/libdwm.a(stats.o)
                0x000494c4                stats_reset
 .text.stats_get_tot_err
                0x000494cc       0x4c /home/developer/segger-workspace/Distance_measurement/lib/libdwm.a(stats.o)
                0x000494cc                stats_get_tot_err
 .text.stats_dump
                0x00049518      0x2e8 /home/developer/segger-workspace/Distance_measurement/lib/libdwm.a(stats.o)
                0x00049518                stats_dump
 .text.env_bytes_get
                0x00049800       0x28 /home/developer/segger-workspace/Distance_measurement/lib/libdwm.a(sys-cfg.o)
 .text.sys_cfg_type_is_valid
                0x00049828       0x14 /home/developer/segger-workspace/Distance_measurement/lib/libdwm.a(sys-cfg.o)
 .text.sys_cfg_type_load
                0x0004983c       0x24 /home/developer/segger-workspace/Distance_measurement/lib/libdwm.a(sys-cfg.o)
 .text.sys_cfg_node_save.constprop.8
                0x00049860       0x1c /home/developer/segger-workspace/Distance_measurement/lib/libdwm.a(sys-cfg.o)
 .text.sys_cfg_uwbmac_save.constprop.2
                0x0004987c       0x1c /home/developer/segger-workspace/Distance_measurement/lib/libdwm.a(sys-cfg.o)
 .text.sys_cfg_uwb0_save.constprop.5
                0x00049898       0x1c /home/developer/segger-workspace/Distance_measurement/lib/libdwm.a(sys-cfg.o)
 .text.sys_cfg_node_get
                0x000498b4       0x14 /home/developer/segger-workspace/Distance_measurement/lib/libdwm.a(sys-cfg.o)
                0x000498b4                sys_cfg_node_get
 .text.sys_cfg_fw_info_update
                0x000498c8       0x68 /home/developer/segger-workspace/Distance_measurement/lib/libdwm.a(sys-cfg.o)
                0x000498c8                sys_cfg_fw_info_update
 .text.sys_cfg_name_set
                0x00049930       0x28 /home/developer/segger-workspace/Distance_measurement/lib/libdwm.a(sys-cfg.o)
                0x00049930                sys_cfg_name_set
 .text.sys_cfg_usr_data_get
                0x00049958        0x8 /home/developer/segger-workspace/Distance_measurement/lib/libdwm.a(sys-cfg.o)
                0x00049958                sys_cfg_usr_data_get
 .text.sys_cfg_usr_data_set
                0x00049960       0x28 /home/developer/segger-workspace/Distance_measurement/lib/libdwm.a(sys-cfg.o)
                0x00049960                sys_cfg_usr_data_set
 .text.sys_cfg_uwb0_get
                0x00049988       0x18 /home/developer/segger-workspace/Distance_measurement/lib/libdwm.a(sys-cfg.o)
                0x00049988                sys_cfg_uwb0_get
 .text.sys_cfg_uwb0_set
                0x000499a0       0x34 /home/developer/segger-workspace/Distance_measurement/lib/libdwm.a(sys-cfg.o)
                0x000499a0                sys_cfg_uwb0_set
 .text.sys_cfg_uwb0_tx_get
                0x000499d4       0x38 /home/developer/segger-workspace/Distance_measurement/lib/libdwm.a(sys-cfg.o)
                0x000499d4                sys_cfg_uwb0_tx_get
 .text.sys_cfg_uwb0_tx_set
                0x00049a0c       0x2c /home/developer/segger-workspace/Distance_measurement/lib/libdwm.a(sys-cfg.o)
                0x00049a0c                sys_cfg_uwb0_tx_set
 .text.sys_cfg_uwb0_ant_get
                0x00049a38       0x2c /home/developer/segger-workspace/Distance_measurement/lib/libdwm.a(sys-cfg.o)
                0x00049a38                sys_cfg_uwb0_ant_get
 .text.sys_cfg_uwb0_xtaltrim_get
                0x00049a64       0x20 /home/developer/segger-workspace/Distance_measurement/lib/libdwm.a(sys-cfg.o)
                0x00049a64                sys_cfg_uwb0_xtaltrim_get
 .text.sys_cfg_panid_get
                0x00049a84       0x1c /home/developer/segger-workspace/Distance_measurement/lib/libdwm.a(sys-cfg.o)
                0x00049a84                sys_cfg_panid_get
 .text.sys_cfg_panid_set
                0x00049aa0       0x20 /home/developer/segger-workspace/Distance_measurement/lib/libdwm.a(sys-cfg.o)
                0x00049aa0                sys_cfg_panid_set
 .text.sys_cfg_uwbmac_get
                0x00049ac0       0x18 /home/developer/segger-workspace/Distance_measurement/lib/libdwm.a(sys-cfg.o)
                0x00049ac0                sys_cfg_uwbmac_get
 .text.sys_cfg_opt_get
                0x00049ad8       0x1c /home/developer/segger-workspace/Distance_measurement/lib/libdwm.a(sys-cfg.o)
                0x00049ad8                sys_cfg_opt_get
 .text.sys_cfg_opt_set
                0x00049af4       0x20 /home/developer/segger-workspace/Distance_measurement/lib/libdwm.a(sys-cfg.o)
                0x00049af4                sys_cfg_opt_set
 .text.sys_cfg_opt_enable
                0x00049b14       0x20 /home/developer/segger-workspace/Distance_measurement/lib/libdwm.a(sys-cfg.o)
                0x00049b14                sys_cfg_opt_enable
 .text.sys_cfg_intr_get
                0x00049b34       0x1c /home/developer/segger-workspace/Distance_measurement/lib/libdwm.a(sys-cfg.o)
                0x00049b34                sys_cfg_intr_get
 .text.sys_cfg_intr_set
                0x00049b50       0x20 /home/developer/segger-workspace/Distance_measurement/lib/libdwm.a(sys-cfg.o)
                0x00049b50                sys_cfg_intr_set
 .text.sys_cfg_pos_set
                0x00049b70       0x3c /home/developer/segger-workspace/Distance_measurement/lib/libdwm.a(sys-cfg.o)
                0x00049b70                sys_cfg_pos_set
 .text.sys_cfg_upd_per_get
                0x00049bac       0x20 /home/developer/segger-workspace/Distance_measurement/lib/libdwm.a(sys-cfg.o)
                0x00049bac                sys_cfg_upd_per_get
 .text.sys_cfg_upd_per_set
                0x00049bcc       0x20 /home/developer/segger-workspace/Distance_measurement/lib/libdwm.a(sys-cfg.o)
                0x00049bcc                sys_cfg_upd_per_set
 .text.sys_cfg_enc_key_get
                0x00049bec       0x34 /home/developer/segger-workspace/Distance_measurement/lib/libdwm.a(sys-cfg.o)
                0x00049bec                sys_cfg_enc_key_get
 .text.sys_cfg_enc_key_clear
                0x00049c20       0x18 /home/developer/segger-workspace/Distance_measurement/lib/libdwm.a(sys-cfg.o)
                0x00049c20                sys_cfg_enc_key_clear
 .text.sys_cfg_stat_det_get
                0x00049c38       0x30 /home/developer/segger-workspace/Distance_measurement/lib/libdwm.a(sys-cfg.o)
                0x00049c38                sys_cfg_stat_det_get
 .text.sys_cfg_bn_bind_get
                0x00049c68       0x28 /home/developer/segger-workspace/Distance_measurement/lib/libdwm.a(sys-cfg.o)
                0x00049c68                sys_cfg_bn_bind_get
 .text.sys_cfg_sync
                0x00049c90       0x18 /home/developer/segger-workspace/Distance_measurement/lib/libdwm.a(sys-cfg.o)
                0x00049c90                sys_cfg_sync
 .text.sys_cfg_name_get
                0x00049ca8       0x5c /home/developer/segger-workspace/Distance_measurement/lib/libdwm.a(sys-cfg.o)
                0x00049ca8                sys_cfg_name_get
 .text.sys_cfg_stat_det_set
                0x00049d04       0x40 /home/developer/segger-workspace/Distance_measurement/lib/libdwm.a(sys-cfg.o)
                0x00049d04                sys_cfg_stat_det_set
 .text.sys_cfg_load
                0x00049d44      0x134 /home/developer/segger-workspace/Distance_measurement/lib/libdwm.a(sys-cfg.o)
                0x00049d44                sys_cfg_load
 .text.sys_cfg_is_an
                0x00049e78       0x1c /home/developer/segger-workspace/Distance_measurement/lib/libdwm.a(sys-cfg.o)
                0x00049e78                sys_cfg_is_an
 .text.sys_cfg_is_tn
                0x00049e94       0x20 /home/developer/segger-workspace/Distance_measurement/lib/libdwm.a(sys-cfg.o)
                0x00049e94                sys_cfg_is_tn
 .text.sys_cfg_is_tn_lp
                0x00049eb4       0x24 /home/developer/segger-workspace/Distance_measurement/lib/libdwm.a(sys-cfg.o)
                0x00049eb4                sys_cfg_is_tn_lp
 .text.sys_cfg_is_pn
                0x00049ed8       0x20 /home/developer/segger-workspace/Distance_measurement/lib/libdwm.a(sys-cfg.o)
                0x00049ed8                sys_cfg_is_pn
 .text.sys_cfg_is_bn
                0x00049ef8       0x1c /home/developer/segger-workspace/Distance_measurement/lib/libdwm.a(sys-cfg.o)
                0x00049ef8                sys_cfg_is_bn
 .text.sys_cfg_is_initiator
                0x00049f14       0x1c /home/developer/segger-workspace/Distance_measurement/lib/libdwm.a(sys-cfg.o)
                0x00049f14                sys_cfg_is_initiator
 .text.sys_cfg_has_pasv
                0x00049f30       0x1c /home/developer/segger-workspace/Distance_measurement/lib/libdwm.a(sys-cfg.o)
                0x00049f30                sys_cfg_has_pasv
 .text.sys_cfg_has_off
                0x00049f4c       0x1c /home/developer/segger-workspace/Distance_measurement/lib/libdwm.a(sys-cfg.o)
                0x00049f4c                sys_cfg_has_off
 .text.sys_cfg_has_lp
                0x00049f68       0x1c /home/developer/segger-workspace/Distance_measurement/lib/libdwm.a(sys-cfg.o)
                0x00049f68                sys_cfg_has_lp
 .text.sys_cfg_has_twr
                0x00049f84       0x1c /home/developer/segger-workspace/Distance_measurement/lib/libdwm.a(sys-cfg.o)
                0x00049f84                sys_cfg_has_twr
 .text.sys_cfg_has_tdoa
                0x00049fa0       0x1c /home/developer/segger-workspace/Distance_measurement/lib/libdwm.a(sys-cfg.o)
                0x00049fa0                sys_cfg_has_tdoa
 .text.sys_cfg_has_le
                0x00049fbc       0x1c /home/developer/segger-workspace/Distance_measurement/lib/libdwm.a(sys-cfg.o)
                0x00049fbc                sys_cfg_has_le
 .text.sys_cfg_has_fwup
                0x00049fd8       0x1c /home/developer/segger-workspace/Distance_measurement/lib/libdwm.a(sys-cfg.o)
                0x00049fd8                sys_cfg_has_fwup
 .text.sys_cfg_has_ble
                0x00049ff4       0x1c /home/developer/segger-workspace/Distance_measurement/lib/libdwm.a(sys-cfg.o)
                0x00049ff4                sys_cfg_has_ble
 .text.sys_cfg_has_bpc
                0x0004a010       0x1c /home/developer/segger-workspace/Distance_measurement/lib/libdwm.a(sys-cfg.o)
                0x0004a010                sys_cfg_has_bpc
 .text.sys_cfg_has_dut
                0x0004a02c       0x1c /home/developer/segger-workspace/Distance_measurement/lib/libdwm.a(sys-cfg.o)
                0x0004a02c                sys_cfg_has_dut
 .text.sys_cfg_has_acf
                0x0004a048       0x1c /home/developer/segger-workspace/Distance_measurement/lib/libdwm.a(sys-cfg.o)
                0x0004a048                sys_cfg_has_acf
 .text.sys_cfg_has_enc
                0x0004a064       0x1c /home/developer/segger-workspace/Distance_measurement/lib/libdwm.a(sys-cfg.o)
                0x0004a064                sys_cfg_has_enc
 .text.sys_cfg_enc_key_set
                0x0004a080       0x60 /home/developer/segger-workspace/Distance_measurement/lib/libdwm.a(sys-cfg.o)
                0x0004a080                sys_cfg_enc_key_set
 .text.sys_cfg_has_acc
                0x0004a0e0       0x1c /home/developer/segger-workspace/Distance_measurement/lib/libdwm.a(sys-cfg.o)
                0x0004a0e0                sys_cfg_has_acc
 .text.sys_cfg_has_leds
                0x0004a0fc       0x1c /home/developer/segger-workspace/Distance_measurement/lib/libdwm.a(sys-cfg.o)
                0x0004a0fc                sys_cfg_has_leds
 .text.sys_cfg_mode_set_ani
                0x0004a118       0x26 /home/developer/segger-workspace/Distance_measurement/lib/libdwm.a(sys-cfg.o)
                0x0004a118                sys_cfg_mode_set_ani
 .text.sys_cfg_mode_set_an
                0x0004a13e       0x26 /home/developer/segger-workspace/Distance_measurement/lib/libdwm.a(sys-cfg.o)
                0x0004a13e                sys_cfg_mode_set_an
 .text.sys_cfg_mode_set_tn
                0x0004a164       0x26 /home/developer/segger-workspace/Distance_measurement/lib/libdwm.a(sys-cfg.o)
                0x0004a164                sys_cfg_mode_set_tn
 .text.sys_cfg_mode_set_tn_lp
                0x0004a18a       0x26 /home/developer/segger-workspace/Distance_measurement/lib/libdwm.a(sys-cfg.o)
                0x0004a18a                sys_cfg_mode_set_tn_lp
 .text.sys_cfg_mode_set_pn
                0x0004a1b0       0x2e /home/developer/segger-workspace/Distance_measurement/lib/libdwm.a(sys-cfg.o)
                0x0004a1b0                sys_cfg_mode_set_pn
 *fill*         0x0004a1de        0x2 
 .text.sys_cfg_mode_set_bn
                0x0004a1e0       0x28 /home/developer/segger-workspace/Distance_measurement/lib/libdwm.a(sys-cfg.o)
                0x0004a1e0                sys_cfg_mode_set_bn
 .text.unlikely.NVIC_SystemReset
                0x0004a208       0x24 /home/developer/segger-workspace/Distance_measurement/lib/libdwm.a(uwbmac-an.o)
 .text.uwbmac_an_bcn_append_frm
                0x0004a22c       0x44 /home/developer/segger-workspace/Distance_measurement/lib/libdwm.a(uwbmac-an.o)
 .text.uwbmac_an_tdma_set_levels
                0x0004a270       0x36 /home/developer/segger-workspace/Distance_measurement/lib/libdwm.a(uwbmac-an.o)
 .text.uwbmac_an_signup_nocoll_set_seat
                0x0004a2a6       0x6e /home/developer/segger-workspace/Distance_measurement/lib/libdwm.a(uwbmac-an.o)
 .text.uwbmac_an_signup_join_wait
                0x0004a314       0x50 /home/developer/segger-workspace/Distance_measurement/lib/libdwm.a(uwbmac-an.o)
 .text.uwbmac_an_fsm_fwup_sndr_result_handler
                0x0004a364       0x74 /home/developer/segger-workspace/Distance_measurement/lib/libdwm.a(uwbmac-an.o)
 .text.uwbmac_an_fsm_twr_rsp_result_handler
                0x0004a3d8       0x60 /home/developer/segger-workspace/Distance_measurement/lib/libdwm.a(uwbmac-an.o)
 .text.uwbmac_an_fsm_rx_handler
                0x0004a438      0x568 /home/developer/segger-workspace/Distance_measurement/lib/libdwm.a(uwbmac-an.o)
 .text.uwbmac_an_rx_complete
                0x0004a9a0       0x5c /home/developer/segger-workspace/Distance_measurement/lib/libdwm.a(uwbmac-an.o)
 .text.uwbmac_an_signup_fsm_cl_join
                0x0004a9fc       0x7e /home/developer/segger-workspace/Distance_measurement/lib/libdwm.a(uwbmac-an.o)
 *fill*         0x0004aa7a        0x6 
 .text.uwbmac_an_fsm_entry
                0x0004aa80      0x1c4 /home/developer/segger-workspace/Distance_measurement/lib/libdwm.a(uwbmac-an.o)
 .text.uwbmac_an_update_rssi.isra.0
                0x0004ac44       0x28 /home/developer/segger-workspace/Distance_measurement/lib/libdwm.a(uwbmac-an.o)
 .text.uwbmac_an_add_update_an
                0x0004ac6c       0xc4 /home/developer/segger-workspace/Distance_measurement/lib/libdwm.a(uwbmac-an.o)
 .text.unlikely.uwbmac_an_update_an.constprop.7
                0x0004ad30       0xa0 /home/developer/segger-workspace/Distance_measurement/lib/libdwm.a(uwbmac-an.o)
 .text.uwbmac_an_signup_fsm_rx_handler
                0x0004add0      0x420 /home/developer/segger-workspace/Distance_measurement/lib/libdwm.a(uwbmac-an.o)
 .text.uwbmac_an_rx_process
                0x0004b1f0      0xb60 /home/developer/segger-workspace/Distance_measurement/lib/libdwm.a(uwbmac-an.o)
 .text.uwbmac_an_rx_handle_all
                0x0004bd50       0x28 /home/developer/segger-workspace/Distance_measurement/lib/libdwm.a(uwbmac-an.o)
 .text.uwbmac_an_sched
                0x0004bd78      0x388 /home/developer/segger-workspace/Distance_measurement/lib/libdwm.a(uwbmac-an.o)
 .text.uwbmac_an_signup_fsm_tdma_run
                0x0004c100      0x7c0 /home/developer/segger-workspace/Distance_measurement/lib/libdwm.a(uwbmac-an.o)
 .text.uwbmac_an_fsm_signup_result_handler
                0x0004c8c0      0x350 /home/developer/segger-workspace/Distance_measurement/lib/libdwm.a(uwbmac-an.o)
 .text.uwbmac_an_fsm_tdma_run
                0x0004cc10      0xb1c /home/developer/segger-workspace/Distance_measurement/lib/libdwm.a(uwbmac-an.o)
 .text.uwbmac_an_tasklet
                0x0004d72c       0x16 /home/developer/segger-workspace/Distance_measurement/lib/libdwm.a(uwbmac-an.o)
 *fill*         0x0004d742        0x2 
 .text.uwbmac_an_init
                0x0004d744       0xa8 /home/developer/segger-workspace/Distance_measurement/lib/libdwm.a(uwbmac-an.o)
                0x0004d744                uwbmac_an_init
 .text.uwbmac_bn_signup_nocoll_set_seat
                0x0004d7ec       0xa0 /home/developer/segger-workspace/Distance_measurement/lib/libdwm.a(uwbmac-bn.o)
 .text.uwbmac_bn_signup_join_wait
                0x0004d88c       0x7a /home/developer/segger-workspace/Distance_measurement/lib/libdwm.a(uwbmac-bn.o)
 .text.uwbmac_bn_signup_fsm_cl_join
                0x0004d906       0x7e /home/developer/segger-workspace/Distance_measurement/lib/libdwm.a(uwbmac-bn.o)
 .text.uwbmac_bn_signup_sched_sf
                0x0004d984       0x76 /home/developer/segger-workspace/Distance_measurement/lib/libdwm.a(uwbmac-bn.o)
 *fill*         0x0004d9fa        0x2 
 .text.uwbmac_bn_fsm_signup_result_handler
                0x0004d9fc       0x78 /home/developer/segger-workspace/Distance_measurement/lib/libdwm.a(uwbmac-bn.o)
 .text.uwbmac_bn_rx_complete
                0x0004da74       0x5c /home/developer/segger-workspace/Distance_measurement/lib/libdwm.a(uwbmac-bn.o)
 .text.uwbmac_bn_bh_routes_free
                0x0004dad0       0x6e /home/developer/segger-workspace/Distance_measurement/lib/libdwm.a(uwbmac-bn.o)
 .text.uwbmac_bn_update_rssi.isra.0
                0x0004db3e       0x28 /home/developer/segger-workspace/Distance_measurement/lib/libdwm.a(uwbmac-bn.o)
 .text.uwbmac_bn_add_update_bn
                0x0004db66       0xa8 /home/developer/segger-workspace/Distance_measurement/lib/libdwm.a(uwbmac-bn.o)
 *fill*         0x0004dc0e        0x2 
 .text.uwbmac_bn_fsm_entry
                0x0004dc10      0x1ac /home/developer/segger-workspace/Distance_measurement/lib/libdwm.a(uwbmac-bn.o)
 .text.uwbmac_bn_get_dl_data.isra.2
                0x0004ddbc       0x72 /home/developer/segger-workspace/Distance_measurement/lib/libdwm.a(uwbmac-bn.o)
 .text.uwbmac_bn_fsm_rx_handler
                0x0004de2e      0x2f2 /home/developer/segger-workspace/Distance_measurement/lib/libdwm.a(uwbmac-bn.o)
 .text.uwbmac_bn_add_update_an.constprop.4
                0x0004e120       0xa4 /home/developer/segger-workspace/Distance_measurement/lib/libdwm.a(uwbmac-bn.o)
 .text.uwbmac_bn_rx_process
                0x0004e1c4      0x698 /home/developer/segger-workspace/Distance_measurement/lib/libdwm.a(uwbmac-bn.o)
 .text.uwbmac_bn_rx_handle_all
                0x0004e85c       0x28 /home/developer/segger-workspace/Distance_measurement/lib/libdwm.a(uwbmac-bn.o)
 .text.uwbmac_bn_sched
                0x0004e884      0x4d4 /home/developer/segger-workspace/Distance_measurement/lib/libdwm.a(uwbmac-bn.o)
 .text.uwbmac_bn_signup_fsm_tdma_run
                0x0004ed58      0x8b0 /home/developer/segger-workspace/Distance_measurement/lib/libdwm.a(uwbmac-bn.o)
 .text.uwbmac_bn_tasklet
                0x0004f608       0x16 /home/developer/segger-workspace/Distance_measurement/lib/libdwm.a(uwbmac-bn.o)
 *fill*         0x0004f61e        0x2 
 .text.uwbmac_bn_fsm_tdma_run
                0x0004f620      0xd80 /home/developer/segger-workspace/Distance_measurement/lib/libdwm.a(uwbmac-bn.o)
 .text.uwbmac_bn_signup_fsm_rx_handler
                0x000503a0      0x4f4 /home/developer/segger-workspace/Distance_measurement/lib/libdwm.a(uwbmac-bn.o)
 .text.uwbmac_bn_init
                0x00050894       0xac /home/developer/segger-workspace/Distance_measurement/lib/libdwm.a(uwbmac-bn.o)
                0x00050894                uwbmac_bn_init
 .text.uwbmac_frm_init
                0x00050940       0x6a /home/developer/segger-workspace/Distance_measurement/lib/libdwm.a(uwbmac-frm.o)
                0x00050940                uwbmac_frm_init
 .text.uwbmac_fsm_run
                0x000509aa       0x20 /home/developer/segger-workspace/Distance_measurement/lib/libdwm.a(uwbmac-fsm-utils.o)
                0x000509aa                uwbmac_fsm_run
 *fill*         0x000509ca        0x2 
 .text.unlikely.NVIC_SystemReset
                0x000509cc       0x24 /home/developer/segger-workspace/Distance_measurement/lib/libdwm.a(uwbmac-fwup.o)
 .text.uwbmac_fwup_fsm_sndr_data_handler
                0x000509f0       0x88 /home/developer/segger-workspace/Distance_measurement/lib/libdwm.a(uwbmac-fwup.o)
 .text.uwbmac_fwup_frm_handle_fwup_data
                0x00050a78      0x1c4 /home/developer/segger-workspace/Distance_measurement/lib/libdwm.a(uwbmac-fwup.o)
                0x00050a78                uwbmac_fwup_frm_handle_fwup_data
 .text.uwbmac_fwup_frm_handle_alma_fw
                0x00050c3c      0x494 /home/developer/segger-workspace/Distance_measurement/lib/libdwm.a(uwbmac-fwup.o)
                0x00050c3c                uwbmac_fwup_frm_handle_alma_fw
 .text.uwbmac_fwup_fsm_sndr_entry
                0x000510d0      0x190 /home/developer/segger-workspace/Distance_measurement/lib/libdwm.a(uwbmac-fwup.o)
                0x000510d0                uwbmac_fwup_fsm_sndr_entry
 .text.uwbmac_fwup_sndr_sched_sl_map
                0x00051260       0x6a /home/developer/segger-workspace/Distance_measurement/lib/libdwm.a(uwbmac-fwup.o)
                0x00051260                uwbmac_fwup_sndr_sched_sl_map
 .text.uwbmac_node_list_init
                0x000512ca       0x10 /home/developer/segger-workspace/Distance_measurement/lib/libdwm.a(uwbmac-nodes.o)
                0x000512ca                uwbmac_node_list_init
 .text.uwbmac_node_list_free
                0x000512da       0x36 /home/developer/segger-workspace/Distance_measurement/lib/libdwm.a(uwbmac-nodes.o)
                0x000512da                uwbmac_node_list_free
 .text.uwbmac_node_list_add
                0x00051310      0x118 /home/developer/segger-workspace/Distance_measurement/lib/libdwm.a(uwbmac-nodes.o)
                0x00051310                uwbmac_node_list_add
 .text.uwbmac_node_list_update_node
                0x00051428        0xc /home/developer/segger-workspace/Distance_measurement/lib/libdwm.a(uwbmac-nodes.o)
                0x00051428                uwbmac_node_list_update_node
 .text.uwbmac_node_list_get_node
                0x00051434       0x68 /home/developer/segger-workspace/Distance_measurement/lib/libdwm.a(uwbmac-nodes.o)
                0x00051434                uwbmac_node_list_get_node
 .text.uwbmac_node_list_get_node_by_seat
                0x0005149c       0x24 /home/developer/segger-workspace/Distance_measurement/lib/libdwm.a(uwbmac-nodes.o)
                0x0005149c                uwbmac_node_list_get_node_by_seat
 .text.uwbmac_node_list_clear_flags
                0x000514c0        0xa /home/developer/segger-workspace/Distance_measurement/lib/libdwm.a(uwbmac-nodes.o)
                0x000514c0                uwbmac_node_list_clear_flags
 .text.uwbmac_node_list_set_flags
                0x000514ca        0x8 /home/developer/segger-workspace/Distance_measurement/lib/libdwm.a(uwbmac-nodes.o)
                0x000514ca                uwbmac_node_list_set_flags
 .text.uwbmac_node_list_clear_flags_all
                0x000514d2       0x1e /home/developer/segger-workspace/Distance_measurement/lib/libdwm.a(uwbmac-nodes.o)
                0x000514d2                uwbmac_node_list_clear_flags_all
 .text.uwbmac_node_list_remove
                0x000514f0       0x6c /home/developer/segger-workspace/Distance_measurement/lib/libdwm.a(uwbmac-nodes.o)
                0x000514f0                uwbmac_node_list_remove
 .text.uwbmac_node_list_dump
                0x0005155c      0x3fc /home/developer/segger-workspace/Distance_measurement/lib/libdwm.a(uwbmac-nodes.o)
                0x0005155c                uwbmac_node_list_dump
 .text.listener_register
                0x00051958       0x34 /home/developer/segger-workspace/Distance_measurement/lib/libdwm.a(uwbmac.o)
 .text.uwbmac_listener_register
                0x0005198c       0xb8 /home/developer/segger-workspace/Distance_measurement/lib/libdwm.a(uwbmac.o)
                0x0005198c                uwbmac_listener_register
 .text.uwbmac_loc_cb_call
                0x00051a44       0x4c /home/developer/segger-workspace/Distance_measurement/lib/libdwm.a(uwbmac.o)
                0x00051a44                uwbmac_loc_cb_call
 .text.uwbmac_usr_data_ready_cb_call
                0x00051a90       0x38 /home/developer/segger-workspace/Distance_measurement/lib/libdwm.a(uwbmac.o)
                0x00051a90                uwbmac_usr_data_ready_cb_call
 .text.uwbmac_usr_data_sent_cb_call
                0x00051ac8       0x30 /home/developer/segger-workspace/Distance_measurement/lib/libdwm.a(uwbmac.o)
                0x00051ac8                uwbmac_usr_data_sent_cb_call
 .text.uwbmac_bh_initialized_cb_call
                0x00051af8       0x3c /home/developer/segger-workspace/Distance_measurement/lib/libdwm.a(uwbmac.o)
                0x00051af8                uwbmac_bh_initialized_cb_call
 .text.uwbmac_joined_cb_call
                0x00051b34       0x3c /home/developer/segger-workspace/Distance_measurement/lib/libdwm.a(uwbmac.o)
                0x00051b34                uwbmac_joined_cb_call
 .text.uwbmac_an_loc_get
                0x00051b70       0xec /home/developer/segger-workspace/Distance_measurement/lib/libdwm.a(uwbmac.o)
                0x00051b70                uwbmac_an_loc_get
 .text.uwbmac_an_list_get
                0x00051c5c       0xe0 /home/developer/segger-workspace/Distance_measurement/lib/libdwm.a(uwbmac.o)
                0x00051c5c                uwbmac_an_list_get
 .text.uwbmac_loc_get
                0x00051d3c       0x58 /home/developer/segger-workspace/Distance_measurement/lib/libdwm.a(uwbmac.o)
                0x00051d3c                uwbmac_loc_get
 .text.uwbmac_upd_per_get
                0x00051d94        0x4 /home/developer/segger-workspace/Distance_measurement/lib/libdwm.a(uwbmac.o)
                0x00051d94                uwbmac_upd_per_get
 .text.uwbmac_upd_per_must_change
                0x00051d98       0x40 /home/developer/segger-workspace/Distance_measurement/lib/libdwm.a(uwbmac.o)
                0x00051d98                uwbmac_upd_per_must_change
 .text.uwbmac_get_mstat
                0x00051dd8        0xc /home/developer/segger-workspace/Distance_measurement/lib/libdwm.a(uwbmac.o)
                0x00051dd8                uwbmac_get_mstat
 .text.uwbmac_is_real_initiator
                0x00051de4       0x38 /home/developer/segger-workspace/Distance_measurement/lib/libdwm.a(uwbmac.o)
                0x00051de4                uwbmac_is_real_initiator
 .text.uwbmac_is_joined
                0x00051e1c       0x10 /home/developer/segger-workspace/Distance_measurement/lib/libdwm.a(uwbmac.o)
                0x00051e1c                uwbmac_is_joined
 .text.uwbmac_is_fwup
                0x00051e2c       0x10 /home/developer/segger-workspace/Distance_measurement/lib/libdwm.a(uwbmac.o)
                0x00051e2c                uwbmac_is_fwup
 .text.uwbmac_is_bh_initialized
                0x00051e3c       0x10 /home/developer/segger-workspace/Distance_measurement/lib/libdwm.a(uwbmac.o)
                0x00051e3c                uwbmac_is_bh_initialized
 .text.uwbmac_get_pos
                0x00051e4c       0x50 /home/developer/segger-workspace/Distance_measurement/lib/libdwm.a(uwbmac.o)
                0x00051e4c                uwbmac_get_pos
 .text.uwbmac_preamble_code_set
                0x00051e9c       0x4c /home/developer/segger-workspace/Distance_measurement/lib/libdwm.a(uwbmac.o)
                0x00051e9c                uwbmac_preamble_code_set
 .text.uwbmac_preamble_code_get
                0x00051ee8       0x20 /home/developer/segger-workspace/Distance_measurement/lib/libdwm.a(uwbmac.o)
                0x00051ee8                uwbmac_preamble_code_get
 .text.uwbmac_tx_power_set
                0x00051f08       0x4c /home/developer/segger-workspace/Distance_measurement/lib/libdwm.a(uwbmac.o)
                0x00051f08                uwbmac_tx_power_set
 .text.uwbmac_tx_power_get
                0x00051f54       0x3e /home/developer/segger-workspace/Distance_measurement/lib/libdwm.a(uwbmac.o)
                0x00051f54                uwbmac_tx_power_get
 *fill*         0x00051f92        0x2 
 .text.uwbmac_usr_data_read
                0x00051f94       0x4c /home/developer/segger-workspace/Distance_measurement/lib/libdwm.a(uwbmac.o)
                0x00051f94                uwbmac_usr_data_read
 .text.uwbmac_usr_data_write
                0x00051fe0       0x84 /home/developer/segger-workspace/Distance_measurement/lib/libdwm.a(uwbmac.o)
                0x00051fe0                uwbmac_usr_data_write
 .text.uwbmac_reinit
                0x00052064       0x18 /home/developer/segger-workspace/Distance_measurement/lib/libdwm.a(uwbmac.o)
                0x00052064                uwbmac_reinit
 .text.uwbmac_mode_get_desc